Component: ARM Compiler 5.06 update 4 (build 422) Tool: armlink [4d35d2]

==============================================================================

Section Cross References

    startup_stm32f10x_hd.o(STACK) refers (Special) to heapauxi.o(.text) for __use_two_region_memory
    startup_stm32f10x_hd.o(HEAP) refers (Special) to heapauxi.o(.text) for __use_two_region_memory
    startup_stm32f10x_hd.o(RESET) refers (Special) to heapauxi.o(.text) for __use_two_region_memory
    startup_stm32f10x_hd.o(RESET) refers to startup_stm32f10x_hd.o(STACK) for __initial_sp
    startup_stm32f10x_hd.o(RESET) refers to startup_stm32f10x_hd.o(.text) for Reset_Handler
    startup_stm32f10x_hd.o(RESET) refers to encoder.o(.text) for TIM2_IRQHandler
    startup_stm32f10x_hd.o(RESET) refers to usart.o(.text) for USART2_IRQHandler
    startup_stm32f10x_hd.o(RESET) refers to usartx.o(.text) for USART3_IRQHandler
    startup_stm32f10x_hd.o(RESET) refers to control.o(.text) for EXTI15_10_IRQHandler
    startup_stm32f10x_hd.o(.text) refers (Special) to heapauxi.o(.text) for __use_two_region_memory
    startup_stm32f10x_hd.o(.text) refers to __main.o(!!!main) for __main
    startup_stm32f10x_hd.o(.text) refers to startup_stm32f10x_hd.o(HEAP) for Heap_Mem
    startup_stm32f10x_hd.o(.text) refers to startup_stm32f10x_hd.o(STACK) for Stack_Mem
    minibalance.o(.text) refers to sys.o(.text) for Stm32_Clock_Init
    minibalance.o(.text) refers to delay.o(.text) for delay_init
    minibalance.o(.text) refers to led.o(.text) for LED_Init
    minibalance.o(.text) refers to key.o(.text) for KEY_Init
    minibalance.o(.text) refers to oled.o(.text) for OLED_Init
    minibalance.o(.text) refers to usart.o(.text) for uart_init
    minibalance.o(.text) refers to encoder.o(.text) for Encoder_Init_TIM2
    minibalance.o(.text) refers to adc.o(.text) for Adc_Init
    minibalance.o(.text) refers to ioi2c.o(.text) for IIC_Init
    minibalance.o(.text) refers to mpu6050.o(.text) for MPU6050_initialize
    minibalance.o(.text) refers to motor.o(.text) for MiniBalance_PWM_Init
    minibalance.o(.text) refers to exti.o(.text) for EXTI_Init
    minibalance.o(.text) refers to show.o(.text) for APP_Show
    minibalance.o(.text) refers to minibalance.o(.data) for Flag_Show
    delay.o(.text) refers to delay.o(.data) for fac_us
    sys.o(.text) refers to sys.o(.emb_text) for WFI_SET
    usart.o(.text) refers (Special) to use_no_semi_2.o(.text) for __use_no_semihosting
    usart.o(.text) refers to fflt_clz.o(x$fpl$ffltu) for __aeabi_ui2f
    usart.o(.text) refers to fdiv.o(x$fpl$fdiv) for __aeabi_fdiv
    usart.o(.text) refers to ffixu.o(x$fpl$ffixu) for __aeabi_f2uiz
    usart.o(.text) refers to faddsub_clz.o(x$fpl$frsb) for __aeabi_frsub
    usart.o(.text) refers to fmul.o(x$fpl$fmul) for __aeabi_fmul
    usart.o(.text) refers to sys.o(.text) for MY_NVIC_Init
    usart.o(.text) refers to usart.o(.data) for Usart_Receive
    usart.o(.text) refers to minibalance.o(.data) for sudu
    usart.o(.text) refers to usart.o(.bss) for Receive
    usart.o(.text) refers to dflt_clz.o(x$fpl$dflt) for __aeabi_i2d
    usart.o(.text) refers to pow.o(i.pow) for pow
    usart.o(.text) refers to dmul.o(x$fpl$dmul) for __aeabi_dmul
    usart.o(.text) refers to f2d.o(x$fpl$f2d) for __aeabi_f2d
    usart.o(.text) refers to daddsub_clz.o(x$fpl$dadd) for __aeabi_dadd
    usart.o(.text) refers to d2f.o(x$fpl$d2f) for __aeabi_d2f
    usart.o(.text) refers to rt_memclr.o(.text) for __aeabi_memclr
    usart.o(.bss) refers (Special) to use_no_semi_2.o(.text) for __use_no_semihosting
    usart.o(.data) refers (Special) to use_no_semi_2.o(.text) for __use_no_semihosting
    led.o(.text) refers to led.o(.data) for temp
    key.o(.text) refers to key.o(.data) for Forever_count
    oled.o(.text) refers to delay.o(.text) for delay_ms
    oled.o(.text) refers to oled.o(.bss) for OLED_GRAM
    oled.o(.text) refers to oled.o(.constdata) for oled_asc2_1206
    adc.o(.text) refers to dflt_clz.o(x$fpl$dfltu) for __aeabi_ui2d
    adc.o(.text) refers to dmul.o(x$fpl$dmul) for __aeabi_dmul
    adc.o(.text) refers to ddiv.o(x$fpl$ddiv) for __aeabi_ddiv
    adc.o(.text) refers to dfix.o(x$fpl$dfix) for __aeabi_d2iz
    motor.o(.text) refers to sys.o(.text) for MY_NVIC_Init
    encoder.o(.text) refers to sys.o(.text) for MY_NVIC_Init
    ioi2c.o(.text) refers to delay.o(.text) for delay_us
    exti.o(.text) refers to sys.o(.text) for Ex_NVIC_Config
    usartx.o(.text) refers to fflt_clz.o(x$fpl$ffltu) for __aeabi_ui2f
    usartx.o(.text) refers to fdiv.o(x$fpl$fdiv) for __aeabi_fdiv
    usartx.o(.text) refers to ffixu.o(x$fpl$ffixu) for __aeabi_f2uiz
    usartx.o(.text) refers to faddsub_clz.o(x$fpl$frsb) for __aeabi_frsub
    usartx.o(.text) refers to fmul.o(x$fpl$fmul) for __aeabi_fmul
    usartx.o(.text) refers to sys.o(.text) for MY_NVIC_Init
    control.o(.text) refers to fmul.o(x$fpl$fmul) for __aeabi_fmul
    control.o(.text) refers to faddsub_clz.o(x$fpl$fadd) for __aeabi_fadd
[...]
    .text                                    0x080069e8   Section        2  use_no_semi_2.o(.text)
    .text                                    0x080069ea   Section       72  llsdiv.o(.text)
    .text                                    0x08006a34   Section        0  noretval__2printf.o(.text)
    .text                                    0x08006a4c   Section        0  __printf.o(.text)
    .text                                    0x08006ab4   Section        0  _printf_dec.o(.text)
    .text                                    0x08006b2c   Section        0  memcmp.o(.text)
    .text                                    0x08006b84   Section       16  aeabi_memset.o(.text)
    .text                                    0x08006b94   Section       68  rt_memclr.o(.text)
    .text                                    0x08006bd8   Section        0  heapauxi.o(.text)
    .text                                    0x08006bde   Section        2  use_no_semi.o(.text)
    .text                                    0x08006be0   Section      238  lludivv7m.o(.text)
    .text                                    0x08006cce   Section        0  _rserrno.o(.text)
    .text                                    0x08006ce4   Section        0  _printf_intcommon.o(.text)
    .text                                    0x08006d98   Section        0  _printf_char_file.o(.text)
    .text                                    0x08006dbc   Section       78  rt_memclr_w.o(.text)
    .text                                    0x08006e0c   Section        8  rt_errno_addr_intlibspace.o(.text)
    .text                                    0x08006e14   Section        0  _printf_char_common.o(.text)
    _printf_input_char                       0x08006e15   Thumb Code    10  _printf_char_common.o(.text)
    .text                                    0x08006e44   Section        0  ferror.o(.text)
    .text                                    0x08006e4c   Section        8  libspace.o(.text)
    .text                                    0x08006e54   Section       74  sys_stackheap_outer.o(.text)
    .text                                    0x08006e9e   Section        0  exit.o(.text)
    i.__ARM_fpclassify                       0x08006eb0   Section        0  fpclassify.o(i.__ARM_fpclassify)
    i.__kernel_poly                          0x08006ed8   Section        0  poly.o(i.__kernel_poly)
    i.__mathlib_dbl_divzero                  0x08006f84   Section        0  dunder.o(i.__mathlib_dbl_divzero)
    i.__mathlib_dbl_infnan                   0x08006f94   Section        0  dunder.o(i.__mathlib_dbl_infnan)
    i.__mathlib_dbl_infnan2                  0x08006f9a   Section        0  dunder.o(i.__mathlib_dbl_infnan2)
    i.__mathlib_dbl_invalid                  0x08006f9e   Section        0  dunder.o(i.__mathlib_dbl_invalid)
    i.__mathlib_dbl_overflow                 0x08006faa   Section        0  dunder.o(i.__mathlib_dbl_overflow)
    i.__mathlib_dbl_underflow                0x08006fb8   Section        0  dunder.o(i.__mathlib_dbl_underflow)
    i.asin                                   0x08006fc8   Section        0  asin.o(i.asin)
    i.atan                                   0x08007238   Section        0  atan.o(i.atan)
    i.atan2                                  0x08007458   Section        0  atan2.o(i.atan2)
    i.pow                                    0x080075d8   Section        0  pow.o(i.pow)
    i.sqrt                                   0x08007fb0   Section        0  sqrt.o(i.sqrt)
    x$fpl$d2f                                0x08007ffc   Section       98  d2f.o(x$fpl$d2f)
    x$fpl$dadd                               0x08008060   Section      336  daddsub_clz.o(x$fpl$dadd)
    _dadd1                                   0x08008071   Thumb Code     0  daddsub_clz.o(x$fpl$dadd)
    x$fpl$dcheck1                            0x080081b0   Section       16  dcheck1.o(x$fpl$dcheck1)
    x$fpl$dcmpinf                            0x080081c0   Section       24  dcmpi.o(x$fpl$dcmpinf)
    x$fpl$ddiv                               0x080081d8   Section      688  ddiv.o(x$fpl$ddiv)
    ddiv_entry                               0x080081df   Thumb Code     0  ddiv.o(x$fpl$ddiv)
    x$fpl$dfix                               0x08008488   Section       94  dfix.o(x$fpl$dfix)
    x$fpl$dflt                               0x080084e6   Section       46  dflt_clz.o(x$fpl$dflt)
    x$fpl$dfltu                              0x08008514   Section       38  dflt_clz.o(x$fpl$dfltu)
    x$fpl$dleqf                              0x0800853c   Section      120  dleqf.o(x$fpl$dleqf)
    x$fpl$dmul                               0x080085b4   Section      340  dmul.o(x$fpl$dmul)
    x$fpl$dnaninf                            0x08008708   Section      156  dnaninf.o(x$fpl$dnaninf)
    x$fpl$dretinf                            0x080087a4   Section       12  dretinf.o(x$fpl$dretinf)
    x$fpl$drleqf                             0x080087b0   Section      108  drleqf.o(x$fpl$drleqf)
    x$fpl$drsb                               0x0800881c   Section       22  daddsub_clz.o(x$fpl$drsb)
    x$fpl$dsqrt                              0x08008834   Section      460  dsqrt_noumaal.o(x$fpl$dsqrt)
    x$fpl$dsub                               0x08008a00   Section      468  daddsub_clz.o(x$fpl$dsub)
    _dsub1                                   0x08008a11   Thumb Code     0  daddsub_clz.o(x$fpl$dsub)
    x$fpl$f2d                                0x08008bd4   Section       86  f2d.o(x$fpl$f2d)
    x$fpl$fadd                               0x08008c2c   Section      196  faddsub_clz.o(x$fpl$fadd)
    _fadd1                                   0x08008c3b   Thumb Code     0  faddsub_clz.o(x$fpl$fadd)
    x$fpl$fcmpinf                            0x08008cf0   Section       24  fcmpi.o(x$fpl$fcmpinf)
    x$fpl$fdiv                               0x08008d08   Section      388  fdiv.o(x$fpl$fdiv)
    _fdiv1                                   0x08008d09   Thumb Code     0  fdiv.o(x$fpl$fdiv)
    x$fpl$feqf                               0x08008e8c   Section      104  feqf.o(x$fpl$feqf)
    x$fpl$ffix                               0x08008ef4   Section       54  ffix.o(x$fpl$ffix)
    x$fpl$ffixu                              0x08008f2c   Section       62  ffixu.o(x$fpl$ffixu)
    x$fpl$fflt                               0x08008f6c   Section       48  fflt_clz.o(x$fpl$fflt)
    x$fpl$ffltu                              0x08008f9c   Section       38  fflt_clz.o(x$fpl$ffltu)
    x$fpl$fleqf                              0x08008fc4   Section      104  fleqf.o(x$fpl$fleqf)
    x$fpl$fmul                               0x0800902c   Section      258  fmul.o(x$fpl$fmul)
    x$fpl$fnaninf                            0x0800912e   Section      140  fnaninf.o(x$fpl$fnaninf)
    x$fpl$fretinf                            0x080091ba   Section       10  fretinf.o(x$fpl$fretinf)
    x$fpl$frleqf                             0x080091c4   Section       98  frleqf.o(x$fpl$frleqf)
    x$fpl$frsb                               0x08009226   Section       20  faddsub_clz.o(x$fpl$frsb)
    x$fpl$fsub                               0x0800923c   Section      234  faddsub_clz.o(x$fpl$fsub)
    _fsub1                                   0x0800924b   Thumb Code     0  faddsub_clz.o(x$fpl$fsub)
    x$fpl$retnan                             0x08009326   Section      100  retnan.o(x$fpl$retnan)
    x$fpl$scalbn                             0x0800938a   Section       92  scalbn.o(x$fpl$scalbn)
    x$fpl$trapveneer                         0x080093e6   Section       48  trapv.o(x$fpl$trapveneer)
    .constdata                               0x08009416   Section     2660  oled.o(.constdata)
    x$fpl$usenofp                            0x08009416   Section        0  usenofp.o(x$fpl$usenofp)
    .constdata                               0x08009e7c   Section       80  inv_mpu.o(.constdata)
    .constdata                               0x08009ecc   Section     3062  inv_mpu_dmp_motion_driver.o(.constdata)
    dmp_memory                               0x08009ecc   Data        3062  inv_mpu_dmp_motion_driver.o(.constdata)
    .constdata                               0x0800aac8   Section       80  asin.o(.constdata)
    pS                                       0x0800aac8   Data          48  asin.o(.constdata)
    qS                                       0x0800aaf8   Data          32  asin.o(.constdata)
    .constdata                               0x0800ab18   Section      136  pow.o(.constdata)
    bp                                       0x0800ab18   Data          16  pow.o(.constdata)
    dp_h                                     0x0800ab28   Data          16  pow.o(.constdata)
    dp_l                                     0x0800ab38   Data          16  pow.o(.constdata)
    L                                        0x0800ab48   Data          48  pow.o(.constdata)
    P                                        0x0800ab78   Data          40  pow.o(.constdata)
    .constdata                               0x0800aba0   Section      152  atan.o(.constdata)
    atanhi                                   0x0800aba0   Data          32  atan.o(.constdata)
    atanlo                                   0x0800abc0   Data          32  atan.o(.constdata)
    aTodd                                    0x0800abe0   Data          40  atan.o(.constdata)
    aTeven                                   0x0800ac08   Data          48  atan.o(.constdata)
    .constdata                               0x0800ac38   Section        8  qnan.o(.constdata)
    .conststring                             0x0800ac40   Section       78  inv_mpu.o(.conststring)
    .data                                    0x20000000   Section      172  minibalance.o(.data)
    .data                                    0x200000ac   Section        4  delay.o(.data)
    fac_us                                   0x200000ac   Data           1  delay.o(.data)
    fac_ms                                   0x200000ae   Data           2  delay.o(.data)
    .data                                    0x200000b0   Section       17  usart.o(.data)
    Flag_PID                                 0x200000b8   Data           1  usart.o(.data)
    i                                        0x200000b9   Data           1  usart.o(.data)
    j                                        0x200000ba   Data           1  usart.o(.data)
    Data                                     0x200000bc   Data           4  usart.o(.data)
    flag_key                                 0x200000c0   Data           1  usart.o(.data)
    .data                                    0x200000c4   Section        4  led.o(.data)
    temp                                     0x200000c4   Data           4  led.o(.data)
    .data                                    0x200000c8   Section       14  key.o(.data)
    flag_key                                 0x200000c8   Data           1  key.o(.data)
    count_key                                0x200000c9   Data           1  key.o(.data)
    double_key                               0x200000ca   Data           1  key.o(.data)
    count_single                             0x200000cc   Data           2  key.o(.data)
    Forever_count                            0x200000ce   Data           2  key.o(.data)
    flag_key                                 0x200000d0   Data           1  key.o(.data)
    Long_Press_count                         0x200000d2   Data           2  key.o(.data)
    Long_Press                               0x200000d4   Data           2  key.o(.data)
    .data                                    0x200000d8   Section       84  control.o(.data)
    Target_Velocity                          0x200000f8   Data           4  control.o(.data)
    Velocity                                 0x200000fc   Data           4  control.o(.data)
    Encoder_Least                            0x20000100   Data           4  control.o(.data)
    Encoder                                  0x20000104   Data           4  control.o(.data)
    Movement                                 0x20000108   Data           4  control.o(.data)
    Target_Velocity                          0x2000010c   Data           4  control.o(.data)
    Encoder_Integral                         0x20000110   Data           4  control.o(.data)
    Velocity                                 0x20000114   Data           4  control.o(.data)
    Encoder_Least                            0x20000118   Data           4  control.o(.data)
    Encoder                                  0x2000011c   Data           4  control.o(.data)
    Movement                                 0x20000120   Data           4  control.o(.data)
    Target_Velocity                          0x20000124   Data           4  control.o(.data)
    Encoder_Integral                         0x20000128   Data           4  control.o(.data)
    .data                                    0x2000012c   Section       44  inv_mpu.o(.data)
    st                                       0x2000012c   Data          44  inv_mpu.o(.data)
    .data                                    0x20000158   Section       48  mpu6050.o(.data)
    gyro_orientation                         0x20000178   Data           9  mpu6050.o(.data)
    .data                                    0x20000188   Section        9  show.o(.data)
    flag                                     0x20000190   Data           1  show.o(.data)
    .bss                                     0x20000194   Section       50  usart.o(.bss)
    Receive                                  0x20000194   Data          50  usart.o(.bss)
    .bss                                     0x200001c6   Section     1024  oled.o(.bss)
    .bss                                     0x200005c8   Section       16  inv_mpu_dmp_motion_driver.o(.bss)
    dmp                                      0x200005c8   Data          16  inv_mpu_dmp_motion_driver.o(.bss)
    .bss                                     0x200005d8   Section      146  mpu6050.o(.bss)
    .bss                                     0x2000066a   Section       42  datascope_dp.o(.bss)
    .bss                                     0x20000694   Section       96  libspace.o(.bss)
    HEAP                                     0x200006f8   Section      512  startup_stm32f10x_hd.o(HEAP)
    Heap_Mem                                 0x200006f8   Data         512  startup_stm32f10x_hd.o(HEAP)
    STACK                                    0x200008f8   Section     1024  startup_stm32f10x_hd.o(STACK)
    Stack_Mem                                0x200008f8   Data        1024  startup_stm32f10x_hd.o(STACK)
    __initial_sp                             0x20000cf8   Data           0  startup_stm32f10x_hd.o(STACK)

    Global Symbols

    Symbol Name                              Value     Ov Type        Size  Object(Section)

    BuildAttributes$$THM_ISAv4$P$D$K$B$S$PE$A:L22UL41UL21$X:L11$S22US41US21$IEEE1$IW$USESV6$~STKCKD$USESV7$~SHL$OTIME$ROPI$IEEEX$EBA8$UX$STANDARDLIB$REQ8$PRES8$EABIv2 0x00000000   Number         0  anon$$obj.o ABSOLUTE
    __ARM_use_no_argv                        0x00000000   Number         0  minibalance.o ABSOLUTE
    __ARM_exceptions_init                     - Undefined Weak Reference
    __alloca_initialize                       - Undefined Weak Reference
    __arm_preinit_                            - Undefined Weak Reference
    __cpp_initialize__aeabi_                  - Undefined Weak Reference
    __cxa_finalize                            - Undefined Weak Reference
    __rt_locale                               - Undefined Weak Reference
    __sigvec_lookup                           - Undefined Weak Reference
    _atexit_init                              - Undefined Weak Reference
    _call_atexit_fns                          - Undefined Weak Reference
    _clock_init                               - Undefined Weak Reference
    _fp_trap_init                             - Undefined Weak Reference
    _fp_trap_shutdown                         - Undefined Weak Reference
    _get_lc_collate                           - Undefined Weak Reference
    _get_lc_ctype                             - Undefined Weak Reference
    _get_lc_monetary                          - Undefined Weak Reference
    _get_lc_numeric                           - Undefined Weak Reference
    _get_lc_time                              - Undefined Weak Reference
    _getenv_init                              - Undefined Weak Reference
    _handle_redirection                       - Undefined Weak Reference
    _init_alloc                               - Undefined Weak Reference
    _init_user_alloc                          - Undefined Weak Reference
    _initio                                   - Undefined Weak Reference
    _mutex_acquire                            - Undefined Weak Reference
    _mutex_release                            - Undefined Weak Reference
    _printf_post_padding                      - Undefined Weak Reference
    _printf_pre_padding                       - Undefined Weak Reference
    _printf_truncate_signed                   - Undefined Weak Reference
    _printf_truncate_unsigned                 - Undefined Weak Reference
    _rand_init                                - Undefined Weak Reference
    _signal_finish                            - Undefined Weak Reference
    _signal_init                              - Undefined Weak Reference
    _terminate_alloc                          - Undefined Weak Reference
    _terminate_user_alloc                     - Undefined Weak Reference
    _terminateio                              - Undefined Weak Reference
    __Vectors_Size                           0x00000130   Number         0  startup_stm32f10x_hd.o ABSOLUTE
    __Vectors                                0x08000000   Data           4  startup_stm32f10x_hd.o(RESET)
    __Vectors_End                            0x08000130   Data           0  startup_stm32f10x_hd.o(RESET)
    __main                                   0x08000131   Thumb Code     8  __main.o(!!!main)
    __scatterload                            0x08000139   Thumb Code     0  __scatter.o(!!!scatter)
    __scatterload_rt2                        0x08000139   Thumb Code    44  __scatter.o(!!!scatter)
    __scatterload_rt2_thumb_only             0x08000139   Thumb Code     0  __scatter.o(!!!scatter)
    __scatterload_null                       0x08000147   Thumb Code     0  __scatter.o(!!!scatter)
    __decompress                             0x0800016d   Thumb Code    90  __dczerorl2.o(!!dczerorl2)
    __decompress1                            0x0800016d   Thumb Code     0  __dczerorl2.o(!!dczerorl2)
    __scatterload_zeroinit                   0x080001c9   Thumb Code    28  __scatter_zi.o(!!handler_zi)
    _printf_d                                0x080001e5   Thumb Code     0  _printf_d.o(.ARM.Collect$$_printf_percent$$00000009)
    _printf_percent                          0x080001e5   Thumb Code     0  _printf_percent.o(.ARM.Collect$$_printf_percent$$00000000)
    _printf_percent_end                      0x080001eb   Thumb Code     0  _printf_percent_end.o(.ARM.Collect$$_printf_percent$$00000017)
    __rt_lib_init                            0x080001ef   Thumb Code     0  libinit.o(.ARM.Collect$$libinit$$00000000)
    __rt_lib_init_alloca_1                   0x080001f1   Thumb Code     0  libinit2.o(.ARM.Collect$$libinit$$0000002E)
    __rt_lib_init_argv_1                     0x080001f1   Thumb Code     0  libinit2.o(.ARM.Collect$$libinit$$0000002C)
    __rt_lib_init_atexit_1                   0x080001f1   Thumb Code     0  libinit2.o(.ARM.Collect$$libinit$$0000001B)
    __rt_lib_init_clock_1                    0x080001f1   Thumb Code     0  libinit2.o(.ARM.Collect$$libinit$$00000021)
    __rt_lib_init_cpp_1                      0x080001f1   Thumb Code     0  libinit2.o(.ARM.Collect$$libinit$$00000032)
    __rt_lib_init_exceptions_1               0x080001f1   Thumb Code     0  libinit2.o(.ARM.Collect$$libinit$$00000030)
    __rt_lib_init_fp_1                       0x080001f1   Thumb Code     0  libinit2.o(.ARM.Collect$$libinit$$00000002)
    __rt_lib_init_fp_trap_1                  0x080001f1   Thumb Code     0  libinit2.o(.ARM.Collect$$libinit$$0000001F)
    __rt_lib_init_getenv_1                   0x080001f1   Thumb Code     0  libinit2.o(.ARM.Collect$$libinit$$00000023)
    __rt_lib_init_heap_1                     0x080001f1   Thumb Code     0  libinit2.o(.ARM.Collect$$libinit$$0000000A)
    __rt_lib_init_lc_collate_1               0x080001f1   Thumb Code     0  libinit2.o(.ARM.Collect$$libinit$$00000011)
    __rt_lib_init_lc_ctype_1                 0x080001f1   Thumb Code     0  libinit2.o(.ARM.Collect$$libinit$$00000013)
    __rt_lib_init_lc_monetary_1              0x080001f1   Thumb Code     0  libinit2.o(.ARM.Collect$$libinit$$00000015)
    __rt_lib_init_lc_numeric_1               0x080001f1   Thumb Code     0  libinit2.o(.ARM.Collect$$libinit$$00000017)
    __rt_lib_init_lc_time_1                  0x080001f1   Thumb Code     0  libinit2.o(.ARM.Collect$$libinit$$00000019)
    __rt_lib_init_preinit_1                  0x080001f1   Thumb Code     0  libinit2.o(.ARM.Collect$$libinit$$00000004)
    __rt_lib_init_rand_1                     0x080001f1   Thumb Code     0  libinit2.o(.ARM.Collect$$libinit$$0000000E)
    __rt_lib_init_return                     0x080001f1   Thumb Code     0  libinit2.o(.ARM.Collect$$libinit$$00000033)
    __rt_lib_init_signal_1                   0x080001f1   Thumb Code     0  libinit2.o(.ARM.Collect$$libinit$$0000001D)
    __rt_lib_init_stdio_1                    0x080001f1   Thumb Code     0  libinit2.o(.ARM.Collect$$libinit$$00000025)
    __rt_lib_init_user_alloc_1               0x080001f1   Thumb Code     0  libinit2.o(.ARM.Collect$$libinit$$0000000C)
    __rt_lib_shutdown                        0x080001f3   Thumb Code     0  libshutdown.o(.ARM.Collect$$libshutdown$$00000000)
    __rt_lib_shutdown_cpp_1                  0x080001f5   Thumb Code     0  libshutdown2.o(.ARM.Collect$$libshutdown$$00000002)
    __rt_lib_shutdown_fp_trap_1              0x080001f5   Thumb Code     0  libshutdown2.o(.ARM.Collect$$libshutdown$$00000007)
    __rt_lib_shutdown_heap_1                 0x080001f5   Thumb Code     0  libshutdown2.o(.ARM.Collect$$libshutdown$$0000000F)
    __rt_lib_shutdown_return                 0x080001f5   Thumb Code     0  libshutdown2.o(.ARM.Collect$$libshutdown$$00000010)
    __rt_lib_shutdown_signal_1               0x080001f5   Thumb Code     0  libshutdown2.o(.ARM.Collect$$libshutdown$$0000000A)
    __rt_lib_shutdown_stdio_1                0x080001f5   Thumb Code     0  libshutdown2.o(.ARM.Collect$$libshutdown$$00000004)
    __rt_lib_shutdown_user_alloc_1           0x080001f5   Thumb Code     0  libshutdown2.o(.ARM.Collect$$libshutdown$$0000000C)
    __rt_entry                               0x080001f7   Thumb Code     0  __rtentry.o(.ARM.Collect$$rtentry$$00000000)
    __rt_entry_presh_1                       0x080001f7   Thumb Code     0  __rtentry2.o(.ARM.Collect$$rtentry$$00000002)
    __rt_entry_sh                            0x080001f7   Thumb Code     0  __rtentry4.o(.ARM.Collect$$rtentry$$00000004)
    __rt_entry_li                            0x080001fd   Thumb Code     0  __rtentry2.o(.ARM.Collect$$rtentry$$0000000A)
    __rt_entry_postsh_1                      0x080001fd   Thumb Code     0  __rtentry2.o(.ARM.Collect$$rtentry$$00000009)
    __rt_entry_main                          0x08000201   Thumb Code     0  __rtentry2.o(.ARM.Collect$$rtentry$$0000000D)
    __rt_entry_postli_1                      0x08000201   Thumb Code     0  __rtentry2.o(.ARM.Collect$$rtentry$$0000000C)
    __rt_exit                                0x08000209   Thumb Code     0  rtexit.o(.ARM.Collect$$rtexit$$00000000)
    __rt_exit_ls                             0x0800020b   Thumb Code     0  rtexit2.o(.ARM.Collect$$rtexit$$00000003)
    __rt_exit_prels_1                        0x0800020b   Thumb Code     0  rtexit2.o(.ARM.Collect$$rtexit$$00000002)
    __rt_exit_exit                           0x0800020f   Thumb Code     0  rtexit2.o(.ARM.Collect$$rtexit$$00000004)
    WFI_SET                                  0x08000215   Thumb Code     2  sys.o(.emb_text)
    INTX_DISABLE                             0x08000217   Thumb Code     2  sys.o(.emb_text)
    INTX_ENABLE                              0x08000219   Thumb Code     2  sys.o(.emb_text)
    MSR_MSP                                  0x0800021b   Thumb Code     6  sys.o(.emb_text)
    Reset_Handler                            0x08000221   Thumb Code     4  startup_stm32f10x_hd.o(.text)
    NMI_Handler                              0x08000225   Thumb Code     2  startup_stm32f10x_hd.o(.text)
    HardFault_Handler                        0x08000227   Thumb Code     2  startup_stm32f10x_hd.o(.text)
    MemManage_Handler                        0x08000229   Thumb Code     2  startup_stm32f10x_hd.o(.text)
    BusFault_Handler                         0x0800022b   Thumb Code     2  startup_stm32f10x_hd.o(.text)
    UsageFault_Handler                       0x0800022d   Thumb Code     2  startup_stm32f10x_hd.o(.text)
    SVC_Handler                              0x0800022f   Thumb Code     2  startup_stm32f10x_hd.o(.text)
    DebugMon_Handler                         0x08000231   Thumb Code     2  startup_stm32f10x_hd.o(.text)
    PendSV_Handler                           0x08000233   Thumb Code     2  startup_stm32f10x_hd.o(.text)
    SysTick_Handler                          0x08000235   Thumb Code     2  startup_stm32f10x_hd.o(.text)
    ADC1_2_IRQHandler                        0x08000237   Thumb Code     0  startup_stm32f10x_hd.o(.text)
    ADC3_IRQHandler                          0x08000237   Thumb Code     0  startup_stm32f10x_hd.o(.text)
    CAN1_RX1_IRQHandler                      0x08000237   Thumb Code     0  startup_stm32f10x_hd.o(.text)
    CAN1_SCE_IRQHandler                      0x08000237   Thumb Code     0  startup_stm32f10x_hd.o(.text)
    DMA1_Channel1_IRQHandler                 0x08000237   Thumb Code     0  startup_stm32f10x_hd.o(.text)
    DMA1_Channel2_IRQHandler                 0x08000237   Thumb Code     0  startup_stm32f10x_hd.o(.text)
    DMA1_Channel3_IRQHandler                 0x08000237   Thumb Code     0  startup_stm32f10x_hd.o(.text)
    DMA1_Channel4_IRQHandler                 0x08000237   Thumb Code     0  startup_stm32f10x_hd.o(.text)
    DMA1_Channel5_IRQHandler                 0x08000237   Thumb Code     0  startup_stm32f10x_hd.o(.text)
    DMA1_Channel6_IRQHandler                 0x08000237   Thumb Code     0  startup_stm32f10x_hd.o(.text)
    DMA1_Channel7_IRQHandler                 0x08000237   Thumb Code     0  startup_stm32f10x_hd.o(.text)
    DMA2_Channel1_IRQHandler                 0x08000237   Thumb Code     0  startup_stm32f10x_hd.o(.text)
    DMA2_Channel2_IRQHandler                 0x08000237   Thumb Code     0  startup_stm32f10x_hd.o(.text)
    DMA2_Channel3_IRQHandler                 0x08000237   Thumb Code     0  startup_stm32f10x_hd.o(.text)
    DMA2_Channel4_5_IRQHandler               0x08000237   Thumb Code     0  startup_stm32f10x_hd.o(.text)
    EXTI0_IRQHandler                         0x08000237   Thumb Code     0  startup_stm32f10x_hd.o(.text)
    EXTI1_IRQHandler                         0x08000237   Thumb Code     0  startup_stm32f10x_hd.o(.text)
    EXTI2_IRQHandler                         0x08000237   Thumb Code     0  startup_stm32f10x_hd.o(.text)
    EXTI3_IRQHandler                         0x08000237   Thumb Code     0  startup_stm32f10x_hd.o(.text)
    EXTI4_IRQHandler                         0x08000237   Thumb Code     0  startup_stm32f10x_hd.o(.text)
    EXTI9_5_IRQHandler                       0x08000237   Thumb Code     0  startup_stm32f10x_hd.o(.text)
    FLASH_IRQHandler                         0x08000237   Thumb Code     0  startup_stm32f10x_hd.o(.text)
    FSMC_IRQHandler                          0x08000237   Thumb Code     0  startup_stm32f10x_hd.o(.text)
    I2C1_ER_IRQHandler                       0x08000237   Thumb Code     0  startup_stm32f10x_hd.o(.text)
    I2C1_EV_IRQHandler                       0x08000237   Thumb Code     0  startup_stm32f10x_hd.o(.text)
    I2C2_ER_IRQHandler                       0x08000237   Thumb Code     0  startup_stm32f10x_hd.o(.text)
    I2C2_EV_IRQHandler                       0x08000237   Thumb Code     0  startup_stm32f10x_hd.o(.text)
    PVD_IRQHandler                           0x08000237   Thumb Code     0  startup_stm32f10x_hd.o(.text)
    RCC_IRQHandler                           0x08000237   Thumb Code     0  startup_stm32f10x_hd.o(.text)
    RTCAlarm_IRQHandler                      0x08000237   Thumb Code     0  startup_stm32f10x_hd.o(.text)
    RTC_IRQHandler                           0x08000237   Thumb Code     0  startup_stm32f10x_hd.o(.text)
    SDIO_IRQHandler                          0x08000237   Thumb Code     0  startup_stm32f10x_hd.o(.text)
    SPI1_IRQHandler                          0x08000237   Thumb Code     0  startup_stm32f10x_hd.o(.text)
    SPI2_IRQHandler                          0x08000237   Thumb Code     0  startup_stm32f10x_hd.o(.text)
    SPI3_IRQHandler                          0x08000237   Thumb Code     0  startup_stm32f10x_hd.o(.text)
    TAMPER_IRQHandler                        0x08000237   Thumb Code     0  startup_stm32f10x_hd.o(.text)
    TIM1_BRK_IRQHandler                      0x08000237   Thumb Code     0  startup_stm32f10x_hd.o(.text)
    TIM1_CC_IRQHandler                       0x08000237   Thumb Code     0  startup_stm32f10x_hd.o(.text)
    TIM1_TRG_COM_IRQHandler                  0x08000237   Thumb Code     0  startup_stm32f10x_hd.o(.text)
    TIM1_UP_IRQHandler                       0x08000237   Thumb Code     0  startup_stm32f10x_hd.o(.text)
    TIM6_IRQHandler                          0x08000237   Thumb Code     0  startup_stm32f10x_hd.o(.text)
    TIM7_IRQHandler                          0x08000237   Thumb Code     0  startup_stm32f10x_hd.o(.text)
    TIM8_BRK_IRQHandler                      0x08000237   Thumb Code     0  startup_stm32f10x_hd.o(.text)
    TIM8_CC_IRQHandler                       0x08000237   Thumb Code     0  startup_stm32f10x_hd.o(.text)
    TIM8_TRG_COM_IRQHandler                  0x08000237   Thumb Code     0  startup_stm32f10x_hd.o(.text)
    TIM8_UP_IRQHandler                       0x08000237   Thumb Code     0  startup_stm32f10x_hd.o(.text)
    UART4_IRQHandler                         0x08000237   Thumb Code     0  startup_stm32f10x_hd.o(.text)
    UART5_IRQHandler                         0x08000237   Thumb Code     0  startup_stm32f10x_hd.o(.text)
    USART1_IRQHandler                        0x08000237   Thumb Code     0  startup_stm32f10x_hd.o(.text)
    USBWakeUp_IRQHandler                     0x08000237   Thumb Code     0  startup_stm32f10x_hd.o(.text)
    USB_HP_CAN1_TX_IRQHandler                0x08000237   Thumb Code     0  startup_stm32f10x_hd.o(.text)
    USB_LP_CAN1_RX0_IRQHandler               0x08000237   Thumb Code     0  startup_stm32f10x_hd.o(.text)
    WWDG_IRQHandler                          0x08000237   Thumb Code     0  startup_stm32f10x_hd.o(.text)
    __user_initial_stackheap                 0x08000239   Thumb Code     0  startup_stm32f10x_hd.o(.text)
    main                                     0x08000259   Thumb Code   148  minibalance.o(.text)
    delay_init                               0x080002f9   Thumb Code    56  delay.o(.text)
    delay_us                                 0x08000331   Thumb Code    56  delay.o(.text)
    delay_ms                                 0x08000369   Thumb Code    56  delay.o(.text)
    MY_NVIC_SetVectorTable                   0x080003a9   Thumb Code    12  sys.o(.text)
    MY_NVIC_PriorityGroupConfig              0x080003b5   Thumb Code    36  sys.o(.text)
    MY_NVIC_Init                             0x080003d9   Thumb Code   116  sys.o(.text)
    Ex_NVIC_Config                           0x0800044d   Thumb Code   146  sys.o(.text)
    MYRCC_DeInit                             0x080004df   Thumb Code    90  sys.o(.text)
    Sys_Standby                              0x08000539   Thumb Code    68  sys.o(.text)
    Sys_Soft_Reset                           0x0800057d   Thumb Code    12  sys.o(.text)
    JTAG_Set                                 0x08000589   Thumb Code    42  sys.o(.text)
    Stm32_Clock_Init                         0x080005b3   Thumb Code   134  sys.o(.text)
    _sys_exit                                0x08000665   Thumb Code     6  usart.o(.text)
    fputc                                    0x0800066b   Thumb Code    24  usart.o(.text)
    usart1_send                              0x08000683   Thumb Code    22  usart.o(.text)
    uart_init                                0x08000699   Thumb Code   182  usart.o(.text)
    usart2_send                              0x0800074f   Thumb Code    22  usart.o(.text)
    uart2_init                               0x08000765   Thumb Code   234  usart.o(.text)
    USART2_IRQHandler                        0x0800084f   Thumb Code   884  usart.o(.text)
    click_RC                                 0x08000bc3   Thumb Code    88  usart.o(.text)
    LED_Init                                 0x08000c59   Thumb Code    52  led.o(.text)
    Led_Flash                                0x08000c8d   Thumb Code    44  led.o(.text)
    KEY_Init                                 0x08000ccd   Thumb Code    64  key.o(.text)
    click_N_Double                           0x08000d0d   Thumb Code   184  key.o(.text)
    click                                    0x08000dc5   Thumb Code    38  key.o(.text)
    Long_Press                               0x08000deb   Thumb Code    72  key.o(.text)
    OLED_WR_Byte                             0x08000e69   Thumb Code    82  oled.o(.text)
    OLED_Refresh_Gram                        0x08000ebb   Thumb Code    70  oled.o(.text)
    OLED_Display_On                          0x08000f01   Thumb Code    28  oled.o(.text)
    OLED_Display_Off                         0x08000f1d   Thumb Code    28  oled.o(.text)
    OLED_Clear                               0x08000f39   Thumb Code    42  oled.o(.text)
    OLED_DrawPoint                           0x08000f63   Thumb Code   100  oled.o(.text)
    OLED_ShowChar                            0x08000fc7   Thumb Code   158  oled.o(.text)
    oled_pow                                 0x08001065   Thumb Code    22  oled.o(.text)
    OLED_ShowNumber                          0x0800107b   Thumb Code   148  oled.o(.text)
    OLED_ShowString                          0x0800110f   Thumb Code    68  oled.o(.text)
    OLED_Init                                0x08001153   Thumb Code   388  oled.o(.text)
    Adc_Init                                 0x080012d9   Thumb Code   282  adc.o(.text)
    Get_Adc                                  0x080013f3   Thumb Code    68  adc.o(.text)
    Get_battery_volt                         0x08001437   Thumb Code    90  adc.o(.text)
    MiniBalance_Motor_Init                   0x080014b5   Thumb Code    68  motor.o(.text)
    MiniBalance_PWM_Init                     0x080014f9   Thumb Code   254  motor.o(.text)
    Timer6_Init                              0x080015f7   Thumb Code    68  motor.o(.text)
    Encoder_Init_TIM2                        0x08001651   Thumb Code   224  encoder.o(.text)
    Encoder_Init_TIM3                        0x08001731   Thumb Code   212  encoder.o(.text)
    Encoder_Init_TIM4                        0x08001805   Thumb Code   208  encoder.o(.text)
    Encoder_Init_TIM5                        0x080018d5   Thumb Code   210  encoder.o(.text)
    Read_Encoder                             0x080019a7   Thumb Code   100  encoder.o(.text)
    TIM2_IRQHandler                          0x08001a0b   Thumb Code    24  encoder.o(.text)
    TIM3_IRQHandler                          0x08001a23   Thumb Code    54  encoder.o(.text)
    TIM4_IRQHandler                          0x08001a59   Thumb Code    18  encoder.o(.text)
    TIM5_IRQHandler                          0x08001a6b   Thumb Code    18  encoder.o(.text)
    IIC_Init                                 0x08001a85   Thumb Code    36  ioi2c.o(.text)
    IIC_Start                                0x08001aa9   Thumb Code    92  ioi2c.o(.text)
    IIC_Stop                                 0x08001b05   Thumb Code    64  ioi2c.o(.text)
    IIC_Wait_Ack                             0x08001b45   Thumb Code    92  ioi2c.o(.text)
    IIC_Ack                                  0x08001ba1   Thumb Code    68  ioi2c.o(.text)
    IIC_NAck                                 0x08001be5   Thumb Code    66  ioi2c.o(.text)
    IIC_Send_Byte                            0x08001c27   Thumb Code    90  ioi2c.o(.text)
    i2cWrite                                 0x08001c81   Thumb Code    96  ioi2c.o(.text)
    IIC_Read_Byte                            0x08001ce1   Thumb Code   100  ioi2c.o(.text)
    i2cRead                                  0x08001d45   Thumb Code   118  ioi2c.o(.text)
    I2C_ReadOneByte                          0x08001dbb   Thumb Code    70  ioi2c.o(.text)
    IICreadBytes                             0x08001e01   Thumb Code   116  ioi2c.o(.text)
    IICwriteBytes                            0x08001e75   Thumb Code    70  ioi2c.o(.text)
    IICreadByte                              0x08001ebb   Thumb Code    22  ioi2c.o(.text)
    IICwriteByte                             0x08001ed1   Thumb Code    20  ioi2c.o(.text)
    IICwriteBits                             0x08001ee5   Thumb Code   106  ioi2c.o(.text)
    IICwriteBit                              0x08001f4f   Thumb Code    64  ioi2c.o(.text)
    EXTI_Init                                0x08001f91   Thumb Code    76  exti.o(.text)
    usart3_send                              0x08001fe5   Thumb Code    22  usartx.o(.text)
    uart3_init                               0x08001ffb   Thumb Code   246  usartx.o(.text)
    USART3_IRQHandler                        0x080020f1   Thumb Code    10  usartx.o(.text)
    Kinematic_Analysis                       0x08002111   Thumb Code   286  control.o(.text)
    Encoder_Analysis                         0x0800222f   Thumb Code   112  control.o(.text)
    Set_Pwm                                  0x0800229f   Thumb Code   128  control.o(.text)
    Turn_Off                                 0x0800231f   Thumb Code   112  control.o(.text)
    Xianfu_Pwm                               0x0800238f   Thumb Code    86  control.o(.text)
    velocity_Y                               0x080023e5   Thumb Code   460  control.o(.text)
    velocity_X                               0x080025b1   Thumb Code   326  control.o(.text)
    balance_Z                                0x080026f7   Thumb Code   168  control.o(.text)
    balance_Y                                0x0800279f   Thumb Code    62  control.o(.text)
    balance_X                                0x080027dd   Thumb Code    62  control.o(.text)
    Key                                      0x0800281b   Thumb Code    78  control.o(.text)
    EXTI15_10_IRQHandler                     0x08002869   Thumb Code   838  control.o(.text)
    Xianfu_Velocity                          0x08002baf   Thumb Code    88  control.o(.text)
    myabs                                    0x08002c07   Thumb Code    14  control.o(.text)
    mpu_reg_dump                             0x08002d1b   Thumb Code    72  inv_mpu.o(.text)
    mpu_read_reg                             0x08002d63   Thumb Code    66  inv_mpu.o(.text)
    mpu_set_int_latched                      0x08002da5   Thumb Code   102  inv_mpu.o(.text)
    mpu_set_sensors                          0x08002e0b   Thumb Code   202  inv_mpu.o(.text)
    mpu_set_bypass                           0x08002ed5   Thumb Code   328  inv_mpu.o(.text)
    mpu_reset_fifo                           0x0800301d   Thumb Code   444  inv_mpu.o(.text)
    mpu_configure_fifo                       0x080031d9   Thumb Code   106  inv_mpu.o(.text)
    mpu_set_lpf                              0x08003243   Thumb Code   126  inv_mpu.o(.text)
    mpu_lp_accel_mode                        0x080032c1   Thumb Code   218  inv_mpu.o(.text)
    mpu_set_sample_rate                      0x0800339b   Thumb Code   152  inv_mpu.o(.text)
    mpu_set_accel_fsr                        0x08003433   Thumb Code   132  inv_mpu.o(.text)
    mpu_set_gyro_fsr                         0x080034b7   Thumb Code   132  inv_mpu.o(.text)
    mpu_init                                 0x0800353b   Thumb Code   416  inv_mpu.o(.text)
    myget_ms                                 0x080036db   Thumb Code     2  inv_mpu.o(.text)
    mpu_get_gyro_reg                         0x080036dd   Thumb Code   110  inv_mpu.o(.text)
    mpu_get_accel_reg                        0x0800374b   Thumb Code   110  inv_mpu.o(.text)
    mpu_get_temperature                      0x080037b9   Thumb Code   150  inv_mpu.o(.text)
    mpu_set_accel_bias                       0x0800384f   Thumb Code   468  inv_mpu.o(.text)
    mpu_get_gyro_fsr                         0x08003a23   Thumb Code    64  inv_mpu.o(.text)
    mpu_get_accel_fsr                        0x08003a63   Thumb Code    72  inv_mpu.o(.text)
    mpu_get_lpf                              0x08003aab   Thumb Code    74  inv_mpu.o(.text)
    mpu_get_sample_rate                      0x08003af5   Thumb Code    26  inv_mpu.o(.text)
    mpu_get_compass_sample_rate              0x08003b0f   Thumb Code    10  inv_mpu.o(.text)
    mpu_set_compass_sample_rate              0x08003b19   Thumb Code     8  inv_mpu.o(.text)
    mpu_get_gyro_sens                        0x08003b21   Thumb Code    58  inv_mpu.o(.text)
    mpu_get_accel_sens                       0x08003b5b   Thumb Code    78  inv_mpu.o(.text)
    mpu_get_fifo_config                      0x08003ba9   Thumb Code    12  inv_mpu.o(.text)
    mpu_get_power_state                      0x08003bb5   Thumb Code    22  inv_mpu.o(.text)
    mpu_get_int_status                       0x08003bcb   Thumb Code    64  inv_mpu.o(.text)
    mpu_read_fifo                            0x08003c0b   Thumb Code   520  inv_mpu.o(.text)
    mpu_read_fifo_stream                     0x08003e13   Thumb Code   186  inv_mpu.o(.text)
    mpu_set_int_level                        0x08003ecd   Thumb Code    12  inv_mpu.o(.text)
    mpu_set_dmp_state                        0x080045ad   Thumb Code   138  inv_mpu.o(.text)
    mpu_run_self_test                        0x08004637   Thumb Code   278  inv_mpu.o(.text)
    mpu_write_mem                            0x0800474d   Thumb Code   122  inv_mpu.o(.text)
    mpu_read_mem                             0x080047c7   Thumb Code   122  inv_mpu.o(.text)
    mpu_load_firmware                        0x08004841   Thumb Code   190  inv_mpu.o(.text)
    mpu_get_dmp_state                        0x080048ff   Thumb Code    14  inv_mpu.o(.text)
    mpu_get_compass_reg                      0x0800490d   Thumb Code     8  inv_mpu.o(.text)
    mpu_get_compass_fsr                      0x08004915   Thumb Code     8  inv_mpu.o(.text)
    mpu_lp_motion_interrupt                  0x0800491d   Thumb Code   512  inv_mpu.o(.text)
    dmp_load_motion_driver_firmware          0x08004b21   Thumb Code    20  inv_mpu_dmp_motion_driver.o(.text)
    dmp_set_orientation                      0x08004b35   Thumb Code   290  inv_mpu_dmp_motion_driver.o(.text)
    dmp_set_gyro_bias                        0x08004c57   Thumb Code   294  inv_mpu_dmp_motion_driver.o(.text)
    dmp_set_accel_bias                       0x08004d7d   Thumb Code   300  inv_mpu_dmp_motion_driver.o(.text)
    dmp_set_fifo_rate                        0x08004ea9   Thumb Code   136  inv_mpu_dmp_motion_driver.o(.text)
    dmp_get_fifo_rate                        0x08004f31   Thumb Code    12  inv_mpu_dmp_motion_driver.o(.text)
    dmp_set_tap_thresh                       0x08004f3d   Thumb Code   396  inv_mpu_dmp_motion_driver.o(.text)
    dmp_set_tap_axes                         0x080050c9   Thumb Code    70  inv_mpu_dmp_motion_driver.o(.text)
    dmp_set_tap_count                        0x0800510f   Thumb Code    38  inv_mpu_dmp_motion_driver.o(.text)
    dmp_set_tap_time                         0x08005135   Thumb Code    38  inv_mpu_dmp_motion_driver.o(.text)
    dmp_set_tap_time_multi                   0x0800515b   Thumb Code    38  inv_mpu_dmp_motion_driver.o(.text)
    dmp_set_shake_reject_thresh              0x08005181   Thumb Code    56  inv_mpu_dmp_motion_driver.o(.text)
    dmp_set_shake_reject_time                0x080051b9   Thumb Code    38  inv_mpu_dmp_motion_driver.o(.text)
    dmp_set_shake_reject_timeout             0x080051df   Thumb Code    38  inv_mpu_dmp_motion_driver.o(.text)
    dmp_get_pedometer_step_count             0x08005205   Thumb Code    66  inv_mpu_dmp_motion_driver.o(.text)
    dmp_set_pedometer_step_count             0x08005247   Thumb Code    42  inv_mpu_dmp_motion_driver.o(.text)
    dmp_get_pedometer_walk_time              0x08005271   Thumb Code    72  inv_mpu_dmp_motion_driver.o(.text)
    dmp_set_pedometer_walk_time              0x080052b9   Thumb Code    48  inv_mpu_dmp_motion_driver.o(.text)
    dmp_enable_6x_lp_quat                    0x080052e9   Thumb Code    84  inv_mpu_dmp_motion_driver.o(.text)
    dmp_enable_lp_quat                       0x0800533d   Thumb Code    60  inv_mpu_dmp_motion_driver.o(.text)
    dmp_enable_gyro_cal                      0x08005379   Thumb Code    62  inv_mpu_dmp_motion_driver.o(.text)
    dmp_enable_feature                       0x080053b7   Thumb Code   530  inv_mpu_dmp_motion_driver.o(.text)
    dmp_get_enabled_features                 0x080055c9   Thumb Code    12  inv_mpu_dmp_motion_driver.o(.text)
    dmp_set_interrupt_mode                   0x08005633   Thumb Code    66  inv_mpu_dmp_motion_driver.o(.text)
    dmp_read_fifo                            0x08005675   Thumb Code   514  inv_mpu_dmp_motion_driver.o(.text)
    dmp_register_tap_cb                      0x08005877   Thumb Code    10  inv_mpu_dmp_motion_driver.o(.text)
    dmp_register_android_orient_cb           0x08005881   Thumb Code    10  inv_mpu_dmp_motion_driver.o(.text)
    MPU6050_newValues                        0x0800599d   Thumb Code   494  mpu6050.o(.text)
    MPU6050_setClockSource                   0x08005b8b   Thumb Code    20  mpu6050.o(.text)
    MPU6050_setFullScaleGyroRange            0x08005b9f   Thumb Code    20  mpu6050.o(.text)
    MPU6050_setFullScaleAccelRange           0x08005bb3   Thumb Code    20  mpu6050.o(.text)
    MPU6050_setSleepEnabled                  0x08005bc7   Thumb Code    18  mpu6050.o(.text)
    MPU6050_getDeviceID                      0x08005bd9   Thumb Code    20  mpu6050.o(.text)
    MPU6050_testConnection                   0x08005bed   Thumb Code    18  mpu6050.o(.text)
    MPU6050_setI2CMasterModeEnabled          0x08005bff   Thumb Code    18  mpu6050.o(.text)
    MPU6050_setI2CBypassEnabled              0x08005c11   Thumb Code    18  mpu6050.o(.text)
    MPU6050_initialize                       0x08005c23   Thumb Code    40  mpu6050.o(.text)
    DMP_Init                                 0x08005c4b   Thumb Code   194  mpu6050.o(.text)
    Read_DMP                                 0x08005d0d   Thumb Code  1008  mpu6050.o(.text)
    Read_Temperature                         0x080060fd   Thumb Code   110  mpu6050.o(.text)
    oled_show                                0x080061ad   Thumb Code  1202  show.o(.text)
    APP_Show                                 0x0800665f   Thumb Code   292  show.o(.text)
    DataScope                                0x08006783   Thumb Code   128  show.o(.text)
    Float2Byte                               0x08006895   Thumb Code    28  datascope_dp.o(.text)
    DataScope_Get_Channel_Data               0x080068b1   Thumb Code   158  datascope_dp.o(.text)
    DataScope_Data_Generate                  0x0800694f   Thumb Code   148  datascope_dp.o(.text)
    __use_no_semihosting                     0x080069e9   Thumb Code     2  use_no_semi_2.o(.text)
    __aeabi_ldivmod                          0x080069eb   Thumb Code     0  llsdiv.o(.text)
    _ll_sdiv                                 0x080069eb   Thumb Code    72  llsdiv.o(.text)
    __2printf                                0x08006a35   Thumb Code    20  noretval__2printf.o(.text)
    __printf                                 0x08006a4d   Thumb Code   104  __printf.o(.text)
    _printf_int_dec                          0x08006ab5   Thumb Code   104  _printf_dec.o(.text)
    memcmp                                   0x08006b2d   Thumb Code    88  memcmp.o(.text)
    __aeabi_memset                           0x08006b85   Thumb Code    16  aeabi_memset.o(.text)
    __aeabi_memclr                           0x08006b95   Thumb Code     0  rt_memclr.o(.text)
    __rt_memclr                              0x08006b95   Thumb Code    68  rt_memclr.o(.text)
    _memset                                  0x08006b99   Thumb Code     0  rt_memclr.o(.text)
    __use_two_region_memory                  0x08006bd9   Thumb Code     2  heapauxi.o(.text)
    __rt_heap_escrow$2region                 0x08006bdb   Thumb Code     2  heapauxi.o(.text)
    __rt_heap_expand$2region                 0x08006bdd   Thumb Code     2  heapauxi.o(.text)
    __I$use$semihosting                      0x08006bdf   Thumb Code     0  use_no_semi.o(.text)
    __use_no_semihosting_swi                 0x08006bdf   Thumb Code     2  use_no_semi.o(.text)
    __aeabi_uldivmod                         0x08006be1   Thumb Code     0  lludivv7m.o(.text)
    _ll_udiv                                 0x08006be1   Thumb Code   238  lludivv7m.o(.text)
    __read_errno                             0x08006ccf   Thumb Code    10  _rserrno.o(.text)
    __set_errno                              0x08006cd9   Thumb Code    12  _rserrno.o(.text)
    _printf_int_common                       0x08006ce5   Thumb Code   178  _printf_intcommon.o(.text)
    _printf_char_file                        0x08006d99   Thumb Code    32  _printf_char_file.o(.text)
    __aeabi_memclr4                          0x08006dbd   Thumb Code     0  rt_memclr_w.o(.text)
    __aeabi_memclr8                          0x08006dbd   Thumb Code     0  rt_memclr_w.o(.text)
    __rt_memclr_w                            0x08006dbd   Thumb Code    78  rt_memclr_w.o(.text)
    _memset_w                                0x08006dc1   Thumb Code     0  rt_memclr_w.o(.text)
    __aeabi_errno_addr                       0x08006e0d   Thumb Code     8  rt_errno_addr_intlibspace.o(.text)
    __errno$intlibspace                      0x08006e0d   Thumb Code     0  rt_errno_addr_intlibspace.o(.text)
    __rt_errno_addr$intlibspace              0x08006e0d   Thumb Code     0  rt_errno_addr_intlibspace.o(.text)
    _printf_char_common                      0x08006e1f   Thumb Code    32  _printf_char_common.o(.text)
    ferror                                   0x08006e45   Thumb Code     8  ferror.o(.text)
    __user_libspace                          0x08006e4d   Thumb Code     8  libspace.o(.text)
    __user_perproc_libspace                  0x08006e4d   Thumb Code     0  libspace.o(.text)
    __user_perthread_libspace                0x08006e4d   Thumb Code     0  libspace.o(.text)
    __user_setup_stackheap                   0x08006e55   Thumb Code    74  sys_stackheap_outer.o(.text)
    exit                                     0x08006e9f   Thumb Code    18  exit.o(.text)
    __ARM_fpclassify                         0x08006eb1   Thumb Code    40  fpclassify.o(i.__ARM_fpclassify)
    __kernel_poly                            0x08006ed9   Thumb Code   170  poly.o(i.__kernel_poly)
    __mathlib_dbl_divzero                    0x08006f85   Thumb Code    12  dunder.o(i.__mathlib_dbl_divzero)
    __mathlib_dbl_infnan                     0x08006f95   Thumb Code     6  dunder.o(i.__mathlib_dbl_infnan)
    __mathlib_dbl_infnan2                    0x08006f9b   Thumb Code     4  dunder.o(i.__mathlib_dbl_infnan2)
    __mathlib_dbl_invalid                    0x08006f9f   Thumb Code    12  dunder.o(i.__mathlib_dbl_invalid)
    __mathlib_dbl_overflow                   0x08006fab   Thumb Code    14  dunder.o(i.__mathlib_dbl_overflow)
    __mathlib_dbl_underflow                  0x08006fb9   Thumb Code    10  dunder.o(i.__mathlib_dbl_underflow)
    asin                                     0x08006fc9   Thumb Code   572  asin.o(i.asin)
    atan                                     0x08007239   Thumb Code   474  atan.o(i.atan)
    atan2                                    0x08007459   Thumb Code   346  atan2.o(i.atan2)
    pow                                      0x080075d9   Thumb Code  2512  pow.o(i.pow)
    sqrt                                     0x08007fb1   Thumb Code    76  sqrt.o(i.sqrt)
    __aeabi_d2f                              0x08007ffd   Thumb Code     0  d2f.o(x$fpl$d2f)
    _d2f                                     0x08007ffd   Thumb Code    98  d2f.o(x$fpl$d2f)
    __aeabi_dadd                             0x08008061   Thumb Code     0  daddsub_clz.o(x$fpl$dadd)
    _dadd                                    0x08008061   Thumb Code   332  daddsub_clz.o(x$fpl$dadd)
    __fpl_dcheck_NaN1                        0x080081b1   Thumb Code    10  dcheck1.o(x$fpl$dcheck1)
    __fpl_dcmp_Inf                           0x080081c1   Thumb Code    24  dcmpi.o(x$fpl$dcmpinf)
    __aeabi_ddiv                             0x080081d9   Thumb Code     0  ddiv.o(x$fpl$ddiv)
    _ddiv                                    0x080081d9   Thumb Code   552  ddiv.o(x$fpl$ddiv)
    __aeabi_d2iz                             0x08008489   Thumb Code     0  dfix.o(x$fpl$dfix)
    _dfix                                    0x08008489   Thumb Code    94  dfix.o(x$fpl$dfix)
    __aeabi_i2d                              0x080084e7   Thumb Code     0  dflt_clz.o(x$fpl$dflt)
    _dflt                                    0x080084e7   Thumb Code    46  dflt_clz.o(x$fpl$dflt)
    __aeabi_ui2d                             0x08008515   Thumb Code     0  dflt_clz.o(x$fpl$dfltu)
    _dfltu                                   0x08008515   Thumb Code    38  dflt_clz.o(x$fpl$dfltu)
    __aeabi_cdcmple                          0x0800853d   Thumb Code     0  dleqf.o(x$fpl$dleqf)
    _dcmple                                  0x0800853d   Thumb Code   120  dleqf.o(x$fpl$dleqf)
    __fpl_dcmple_InfNaN                      0x0800859f   Thumb Code     0  dleqf.o(x$fpl$dleqf)
    __aeabi_dmul                             0x080085b5   Thumb Code     0  dmul.o(x$fpl$dmul)
    _dmul                                    0x080085b5   Thumb Code   332  dmul.o(x$fpl$dmul)
    __fpl_dnaninf                            0x08008709   Thumb Code   156  dnaninf.o(x$fpl$dnaninf)
    __fpl_dretinf                            0x080087a5   Thumb Code    12  dretinf.o(x$fpl$dretinf)
    __aeabi_cdrcmple                         0x080087b1   Thumb Code     0  drleqf.o(x$fpl$drleqf)
    _drcmple                                 0x080087b1   Thumb Code   108  drleqf.o(x$fpl$drleqf)
    __aeabi_drsub                            0x0800881d   Thumb Code     0  daddsub_clz.o(x$fpl$drsb)
    _drsb                                    0x0800881d   Thumb Code    22  daddsub_clz.o(x$fpl$drsb)
    _dsqrt                                   0x08008835   Thumb Code   456  dsqrt_noumaal.o(x$fpl$dsqrt)
    __aeabi_dsub                             0x08008a01   Thumb Code     0  daddsub_clz.o(x$fpl$dsub)
    _dsub                                    0x08008a01   Thumb Code   464  daddsub_clz.o(x$fpl$dsub)
    __aeabi_f2d                              0x08008bd5   Thumb Code     0  f2d.o(x$fpl$f2d)
    _f2d                                     0x08008bd5   Thumb Code    86  f2d.o(x$fpl$f2d)
    __aeabi_fadd                             0x08008c2d   Thumb Code     0  faddsub_clz.o(x$fpl$fadd)
    _fadd                                    0x08008c2d   Thumb Code   196  faddsub_clz.o(x$fpl$fadd)
    __fpl_fcmp_Inf                           0x08008cf1   Thumb Code    24  fcmpi.o(x$fpl$fcmpinf)
    __aeabi_fdiv                             0x08008d09   Thumb Code     0  fdiv.o(x$fpl$fdiv)
    _fdiv                                    0x08008d09   Thumb Code   384  fdiv.o(x$fpl$fdiv)
    __aeabi_cfcmpeq                          0x08008e8d   Thumb Code     0  feqf.o(x$fpl$feqf)
    _fcmpeq                                  0x08008e8d   Thumb Code   104  feqf.o(x$fpl$feqf)
    __aeabi_f2iz                             0x08008ef5   Thumb Code     0  ffix.o(x$fpl$ffix)
    _ffix                                    0x08008ef5   Thumb Code    54  ffix.o(x$fpl$ffix)
    __aeabi_f2uiz                            0x08008f2d   Thumb Code     0  ffixu.o(x$fpl$ffixu)
    _ffixu                                   0x08008f2d   Thumb Code    62  ffixu.o(x$fpl$ffixu)
    __aeabi_i2f                              0x08008f6d   Thumb Code     0  fflt_clz.o(x$fpl$fflt)
    _fflt                                    0x08008f6d   Thumb Code    48  fflt_clz.o(x$fpl$fflt)
    __aeabi_ui2f                             0x08008f9d   Thumb Code     0  fflt_clz.o(x$fpl$ffltu)
    _ffltu                                   0x08008f9d   Thumb Code    38  fflt_clz.o(x$fpl$ffltu)
    __aeabi_cfcmple                          0x08008fc5   Thumb Code     0  fleqf.o(x$fpl$fleqf)
    _fcmple                                  0x08008fc5   Thumb Code   104  fleqf.o(x$fpl$fleqf)
    __fpl_fcmple_InfNaN                      0x08009017   Thumb Code     0  fleqf.o(x$fpl$fleqf)
    __aeabi_fmul                             0x0800902d   Thumb Code     0  fmul.o(x$fpl$fmul)
    _fmul                                    0x0800902d   Thumb Code   258  fmul.o(x$fpl$fmul)
    __fpl_fnaninf                            0x0800912f   Thumb Code   140  fnaninf.o(x$fpl$fnaninf)
    __fpl_fretinf                            0x080091bb   Thumb Code    10  fretinf.o(x$fpl$fretinf)
    __aeabi_cfrcmple                         0x080091c5   Thumb Code     0  frleqf.o(x$fpl$frleqf)
    _frcmple                                 0x080091c5   Thumb Code    98  frleqf.o(x$fpl$frleqf)
    __aeabi_frsub                            0x08009227   Thumb Code     0  faddsub_clz.o(x$fpl$frsb)
    _frsb                                    0x08009227   Thumb Code    20  faddsub_clz.o(x$fpl$frsb)
    __aeabi_fsub                             0x0800923d   Thumb Code     0  faddsub_clz.o(x$fpl$fsub)
    _fsub                                    0x0800923d   Thumb Code   234  faddsub_clz.o(x$fpl$fsub)
    __fpl_return_NaN                         0x08009327   Thumb Code   100  retnan.o(x$fpl$retnan)
    __ARM_scalbn                             0x0800938b   Thumb Code    92  scalbn.o(x$fpl$scalbn)
    __fpl_cmpreturn                          0x080093e7   Thumb Code    48  trapv.o(x$fpl$trapveneer)
    __I$use$fp                               0x08009416   Number         0  usenofp.o(x$fpl$usenofp)
    oled_asc2_1206                           0x08009416   Data        1140  oled.o(.constdata)
    oled_asc2_1608                           0x0800988a   Data        1520  oled.o(.constdata)
    hw                                       0x08009e7c   Data          12  inv_mpu.o(.constdata)
    reg                                      0x08009e88   Data          27  inv_mpu.o(.constdata)
    test                                     0x08009ea4   Data          40  inv_mpu.o(.constdata)
    __mathlib_zero                           0x0800ac38   Data           8  qnan.o(.constdata)
    Region$$Table$$Base                      0x0800ac90   Number         0  anon$$obj.o(Region$$Table)
    Region$$Table$$Limit                     0x0800acb0   Number         0  anon$$obj.o(Region$$Table)
    Flag_Stop                                0x20000000   Data           1  minibalance.o(.data)
    Flag_Show                                0x20000001   Data           1  minibalance.o(.data)
    Flag_Zero                                0x20000002   Data           1  minibalance.o(.data)
    Encoder_A                                0x20000004   Data           4  minibalance.o(.data)
    Encoder_B                                0x20000008   Data           4  minibalance.o(.data)
    Encoder_C                                0x2000000c   Data           4  minibalance.o(.data)
    Flag_Qian                                0x20000010   Data           1  minibalance.o(.data)
    Flag_Hou                                 0x20000011   Data           1  minibalance.o(.data)
    Flag_Left                                0x20000012   Data           1  minibalance.o(.data)
    Flag_Right                               0x20000013   Data           1  minibalance.o(.data)
    Turn_Left                                0x20000014   Data           1  minibalance.o(.data)
    Turn_Right                               0x20000015   Data           1  minibalance.o(.data)
    Motor_A                                  0x20000018   Data           4  minibalance.o(.data)
    Motor_B                                  0x2000001c   Data           4  minibalance.o(.data)
    Motor_C                                  0x20000020   Data           4  minibalance.o(.data)
    Target_A                                 0x20000024   Data           4  minibalance.o(.data)
    Target_B                                 0x20000028   Data           4  minibalance.o(.data)
    Target_C                                 0x2000002c   Data           4  minibalance.o(.data)
    Encoder_X                                0x20000030   Data           4  minibalance.o(.data)
    Encoder_Y                                0x20000034   Data           4  minibalance.o(.data)
    Encoder_Z                                0x20000038   Data           4  minibalance.o(.data)
    Position_X                               0x2000003c   Data           4  minibalance.o(.data)
    Position_Y                               0x20000040   Data           4  minibalance.o(.data)
    Voltage                                  0x20000044   Data           4  minibalance.o(.data)
    delay_50                                 0x20000048   Data           1  minibalance.o(.data)
    delay_flag                               0x20000049   Data           1  minibalance.o(.data)
    sudu                                     0x2000004a   Data           1  minibalance.o(.data)
    Turn_Flag                                0x2000004b   Data           1  minibalance.o(.data)
    PID_Send                                 0x2000004c   Data           1  minibalance.o(.data)
    Angle_Balance_X                          0x20000050   Data           4  minibalance.o(.data)
    Angle_Balance_Y                          0x20000054   Data           4  minibalance.o(.data)
    Angle_Balance_Z                          0x20000058   Data           4  minibalance.o(.data)
    Gyro_Balance_X                           0x2000005c   Data           4  minibalance.o(.data)
    Gyro_Balance_Z                           0x20000060   Data           4  minibalance.o(.data)
    Gyro_Balance_Y                           0x20000064   Data           4  minibalance.o(.data)
    Move_X                                   0x20000068   Data           4  minibalance.o(.data)
    Move_Y                                   0x2000006c   Data           4  minibalance.o(.data)
    Move_Z                                   0x20000070   Data           4  minibalance.o(.data)
    Balance_Kp                               0x20000074   Data           4  minibalance.o(.data)
    Balance_Kd                               0x20000078   Data           4  minibalance.o(.data)
    Balance_Kp1                              0x2000007c   Data           4  minibalance.o(.data)
    Balance_Kd1                              0x20000080   Data           4  minibalance.o(.data)
    Velocity_Kp                              0x20000084   Data           4  minibalance.o(.data)
    Velocity_Ki                              0x20000088   Data           4  minibalance.o(.data)
    Velocity_Kp1                             0x2000008c   Data           4  minibalance.o(.data)
    Velocity_Ki1                             0x20000090   Data           4  minibalance.o(.data)
    Turn_Kp                                  0x20000094   Data           4  minibalance.o(.data)
    Turn_Kd                                  0x20000098   Data           4  minibalance.o(.data)
    Angle_Zero_X                             0x2000009c   Data           4  minibalance.o(.data)
    Angle_Zero_Y                             0x200000a0   Data           4  minibalance.o(.data)
    Angle_Bias_X                             0x200000a4   Data           4  minibalance.o(.data)
    Angle_Bias_Y                             0x200000a8   Data           4  minibalance.o(.data)
    __stdout                                 0x200000b0   Data           4  usart.o(.data)
    Usart_Receive                            0x200000b4   Data           4  usart.o(.data)
    Flag_Target                              0x200000d8   Data           1  control.o(.data)
    Flag_Target2                             0x200000d9   Data           1  control.o(.data)
    Flag_Change                              0x200000da   Data           1  control.o(.data)
    temp1                                    0x200000db   Data           1  control.o(.data)
    Voltage_Count                            0x200000dc   Data           4  control.o(.data)
    Voltage_All                              0x200000e0   Data           4  control.o(.data)
    Balance_Pwm_X                            0x200000e4   Data           4  control.o(.data)
    Velocity_Pwm_X                           0x200000e8   Data           4  control.o(.data)
    Balance_Pwm_Y                            0x200000ec   Data           4  control.o(.data)
    Velocity_Pwm_Y                           0x200000f0   Data           4  control.o(.data)
    Balance_Pwm_Z                            0x200000f4   Data           4  control.o(.data)
    gyro                                     0x20000158   Data           6  mpu6050.o(.data)
    accel                                    0x2000015e   Data           6  mpu6050.o(.data)
    sensors                                  0x20000164   Data           2  mpu6050.o(.data)
    q0                                       0x20000168   Data           4  mpu6050.o(.data)
    q1                                       0x2000016c   Data           4  mpu6050.o(.data)
    q2                                       0x20000170   Data           4  mpu6050.o(.data)
    q3                                       0x20000174   Data           4  mpu6050.o(.data)
    Gx_offset                                0x20000182   Data           2  mpu6050.o(.data)
    Gy_offset                                0x20000184   Data           2  mpu6050.o(.data)
    Gz_offset                                0x20000186   Data           2  mpu6050.o(.data)
    i                                        0x20000188   Data           1  show.o(.data)
    Send_Count                               0x20000189   Data           1  show.o(.data)
    Vol                                      0x2000018c   Data           4  show.o(.data)
    OLED_GRAM                                0x200001c6   Data        1024  oled.o(.bss)
    buffer                                   0x200005d8   Data          14  mpu6050.o(.bss)
    MPU6050_FIFO                             0x200005e6   Data         132  mpu6050.o(.bss)
    DataScope_OutPut_Buffer                  0x2000066a   Data          42  datascope_dp.o(.bss)
    __libspace_start                         0x20000694   Data          96  libspace.o(.bss)
    __temporary_stack_top$libspace           0x200006f4   Data           0  libspace.o(.bss)



==============================================================================

Memory Map of the image

  Image Entry point : 0x08000131

  Load Region LR_IROM1 (Base: 0x08000000, Size: 0x0000ae44, Max: 0x00040000, ABSOLUTE, COMPRESSED[0x0000acfc])

    Execution Region ER_IROM1 (Base: 0x08000000, Size: 0x0000acb0, Max: 0x00040000, ABSOLUTE)

    Base Addr    Size         Type   Attr      Idx    E Section Name        Object

    0x08000000   0x00000130   Data   RO            3    RESET               startup_stm32f10x_hd.o
    0x08000130   0x00000008   Code   RO          474  * !!!main             c_w.l(__main.o)
    0x08000138   0x00000034   Code   RO          815    !!!scatter          c_w.l(__scatter.o)
    0x0800016c   0x0000005a   Code   RO          813    !!dczerorl2         c_w.l(__dczerorl2.o)
    0x080001c6   0x00000002   PAD
    0x080001c8   0x0000001c   Code   RO          817    !!handler_zi        c_w.l(__scatter_zi.o)
    0x080001e4   0x00000000   Code   RO          465    .ARM.Collect$$_printf_percent$$00000000  c_w.l(_printf_percent.o)
    0x080001e4   0x00000006   Code   RO          464    .ARM.Collect$$_printf_percent$$00000009  c_w.l(_printf_d.o)
    0x080001ea   0x00000004   Code   RO          581    .ARM.Collect$$_printf_percent$$00000017  c_w.l(_printf_percent_end.o)
    0x080001ee   0x00000002   Code   RO          682    .ARM.Collect$$libinit$$00000000  c_w.l(libinit.o)
    0x080001f0   0x00000000   Code   RO          692    .ARM.Collect$$libinit$$00000002  c_w.l(libinit2.o)
    0x080001f0   0x00000000   Code   RO          694    .ARM.Collect$$libinit$$00000004  c_w.l(libinit2.o)
    0x080001f0   0x00000000   Code   RO          697    .ARM.Collect$$libinit$$0000000A  c_w.l(libinit2.o)
    0x080001f0   0x00000000   Code   RO          699    .ARM.Collect$$libinit$$0000000C  c_w.l(libinit2.o)
    0x080001f0   0x00000000   Code   RO          701    .ARM.Collect$$libinit$$0000000E  c_w.l(libinit2.o)
    0x080001f0   0x00000000   Code   RO          704    .ARM.Collect$$libinit$$00000011  c_w.l(libinit2.o)
    0x080001f0   0x00000000   Code   RO          706    .ARM.Collect$$libinit$$00000013  c_w.l(libinit2.o)
    0x080001f0   0x00000000   Code   RO          708    .ARM.Collect$$libinit$$00000015  c_w.l(libinit2.o)
    0x080001f0   0x00000000   Code   RO          710    .ARM.Collect$$libinit$$00000017  c_w.l(libinit2.o)
    0x080001f0   0x00000000   Code   RO          712    .ARM.Collect$$libinit$$00000019  c_w.l(libinit2.o)
    0x080001f0   0x00000000   Code   RO          714    .ARM.Collect$$libinit$$0000001B  c_w.l(libinit2.o)
    0x080001f0   0x00000000   Code   RO          716    .ARM.Collect$$libinit$$0000001D  c_w.l(libinit2.o)
    0x080001f0   0x00000000   Code   RO          718    .ARM.Collect$$libinit$$0000001F  c_w.l(libinit2.o)
    0x080001f0   0x00000000   Code   RO          720    .ARM.Collect$$libinit$$00000021  c_w.l(libinit2.o)
    0x080001f0   0x00000000   Code   RO          722    .ARM.Collect$$libinit$$00000023  c_w.l(libinit2.o)
    0x080001f0   0x00000000   Code   RO          724    .ARM.Collect$$libinit$$00000025  c_w.l(libinit2.o)
    0x080001f0   0x00000000   Code   RO          728    .ARM.Collect$$libinit$$0000002C  c_w.l(libinit2.o)
    0x080001f0   0x00000000   Code   RO          730    .ARM.Collect$$libinit$$0000002E  c_w.l(libinit2.o)
    0x080001f0   0x00000000   Code   RO          732    .ARM.Collect$$libinit$$00000030  c_w.l(libinit2.o)
    0x080001f0   0x00000000   Code   RO          734    .ARM.Collect$$libinit$$00000032  c_w.l(libinit2.o)
    0x080001f0   0x00000002   Code   RO          735    .ARM.Collect$$libinit$$00000033  c_w.l(libinit2.o)
    0x080001f2   0x00000002   Code   RO          765    .ARM.Collect$$libshutdown$$00000000  c_w.l(libshutdown.o)
    0x080001f4   0x00000000   Code   RO          779    .ARM.Collect$$libshutdown$$00000002  c_w.l(libshutdown2.o)
    0x080001f4   0x00000000   Code   RO          781    .ARM.Collect$$libshutdown$$00000004  c_w.l(libshutdown2.o)
    0x080001f4   0x00000000   Code   RO          784    .ARM.Collect$$libshutdown$$00000007  c_w.l(libshutdown2.o)
    0x080001f4   0x00000000   Code   RO          787    .ARM.Collect$$libshutdown$$0000000A  c_w.l(libshutdown2.o)
    0x080001f4   0x00000000   Code   RO          789    .ARM.Collect$$libshutdown$$0000000C  c_w.l(libshutdown2.o)
    0x080001f4   0x00000000   Code   RO          792    .ARM.Collect$$libshutdown$$0000000F  c_w.l(libshutdown2.o)
    0x080001f4   0x00000002   Code   RO          793    .ARM.Collect$$libshutdown$$00000010  c_w.l(libshutdown2.o)
    0x080001f6   0x00000000   Code   RO          572    .ARM.Collect$$rtentry$$00000000  c_w.l(__rtentry.o)
    0x080001f6   0x00000000   Code   RO          633    .ARM.Collect$$rtentry$$00000002  c_w.l(__rtentry2.o)
    0x080001f6   0x00000006   Code   RO          645    .ARM.Collect$$rtentry$$00000004  c_w.l(__rtentry4.o)
    0x080001fc   0x00000000   Code   RO          635    .ARM.Collect$$rtentry$$00000009  c_w.l(__rtentry2.o)
    0x080001fc   0x00000004   Code   RO          636    .ARM.Collect$$rtentry$$0000000A  c_w.l(__rtentry2.o)
    0x08000200   0x00000000   Code   RO          638    .ARM.Collect$$rtentry$$0000000C  c_w.l(__rtentry2.o)
    0x08000200   0x00000008   Code   RO          639    .ARM.Collect$$rtentry$$0000000D  c_w.l(__rtentry2.o)
    0x08000208   0x00000002   Code   RO          685    .ARM.Collect$$rtexit$$00000000  c_w.l(rtexit.o)
    0x0800020a   0x00000000   Code   RO          739    .ARM.Collect$$rtexit$$00000002  c_w.l(rtexit2.o)
    0x0800020a   0x00000004   Code   RO          740    .ARM.Collect$$rtexit$$00000003  c_w.l(rtexit2.o)
    0x0800020e   0x00000006   Code   RO          741    .ARM.Collect$$rtexit$$00000004  c_w.l(rtexit2.o)
    0x08000214   0x0000000c   Code   RO          134    .emb_text           sys.o
    0x08000220   0x00000038   Code   RO            4    .text               startup_stm32f10x_hd.o
    0x08000258   0x000000a0   Code   RO           10    .text               minibalance.o
    0x080002f8   0x000000b0   Code   RO          116    .text               delay.o
    0x080003a8   0x000002bc   Code   RO          135    .text               sys.o
    0x08000664   0x000005f4   Code   RO          150    .text               usart.o
    0x08000c58   0x00000074   Code   RO          176    .text               led.o
    0x08000ccc   0x0000019c   Code   RO          189    .text               key.o
    0x08000e68   0x0000046e   Code   RO          202    .text               oled.o
    0x080012d6   0x00000002   PAD
    0x080012d8   0x000001dc   Code   RO          221    .text               adc.o
    0x080014b4   0x0000019c   Code   RO          233    .text               motor.o
    0x08001650   0x00000434   Code   RO          245    .text               encoder.o
    0x08001a84   0x0000050a   Code   RO          257    .text               ioi2c.o
    0x08001f8e   0x00000002   PAD
    0x08001f90   0x00000054   Code   RO          269    .text               exti.o
    0x08001fe4   0x0000012c   Code   RO          284    .text               usartx.o
    0x08002110   0x00000b80   Code   RO          296    .text               control.o
    0x08002c90   0x00001e90   Code   RO          318    .text               inv_mpu.o
    0x08004b20   0x00000d70   Code   RO          342    .text               inv_mpu_dmp_motion_driver.o
    0x08005890   0x0000091c   Code   RO          373    .text               mpu6050.o
    0x080061ac   0x000006e8   Code   RO          397    .text               show.o
    0x08006894   0x00000154   Code   RO          412    .text               datascope_dp.o
    0x080069e8   0x00000002   Code   RO          432    .text               c_w.l(use_no_semi_2.o)
    0x080069ea   0x00000048   Code   RO          434    .text               c_w.l(llsdiv.o)
    0x08006a32   0x00000002   PAD
    0x08006a34   0x00000018   Code   RO          438    .text               c_w.l(noretval__2printf.o)
    0x08006a4c   0x00000068   Code   RO          440    .text               c_w.l(__printf.o)
    0x08006ab4   0x00000078   Code   RO          442    .text               c_w.l(_printf_dec.o)
    0x08006b2c   0x00000058   Code   RO          466    .text               c_w.l(memcmp.o)
    0x08006b84   0x00000010   Code   RO          468    .text               c_w.l(aeabi_memset.o)
    0x08006b94   0x00000044   Code   RO          470    .text               c_w.l(rt_memclr.o)
    0x08006bd8   0x00000006   Code   RO          472    .text               c_w.l(heapauxi.o)
    0x08006bde   0x00000002   Code   RO          570    .text               c_w.l(use_no_semi.o)
    0x08006be0   0x000000ee   Code   RO          573    .text               c_w.l(lludivv7m.o)
    0x08006cce   0x00000016   Code   RO          575    .text               c_w.l(_rserrno.o)
    0x08006ce4   0x000000b2   Code   RO          577    .text               c_w.l(_printf_intcommon.o)
    0x08006d96   0x00000002   PAD
    0x08006d98   0x00000024   Code   RO          579    .text               c_w.l(_printf_char_file.o)
    0x08006dbc   0x0000004e   Code   RO          582    .text               c_w.l(rt_memclr_w.o)
    0x08006e0a   0x00000002   PAD
    0x08006e0c   0x00000008   Code   RO          654    .text               c_w.l(rt_errno_addr_intlibspace.o)
    0x08006e14   0x00000030   Code   RO          656    .text               c_w.l(_printf_char_common.o)
    0x08006e44   0x00000008   Code   RO          658    .text               c_w.l(ferror.o)
    0x08006e4c   0x00000008   Code   RO          666    .text               c_w.l(libspace.o)
    0x08006e54   0x0000004a   Code   RO          669    .text               c_w.l(sys_stackheap_outer.o)
    0x08006e9e   0x00000012   Code   RO          675    .text               c_w.l(exit.o)
    0x08006eb0   0x00000028   Code   RO          627    i.__ARM_fpclassify  m_ws.l(fpclassify.o)
    0x08006ed8   0x000000aa   Code   RO          629    i.__kernel_poly     m_ws.l(poly.o)
    0x08006f82   0x00000002   PAD
    0x08006f84   0x00000010   Code   RO          613    i.__mathlib_dbl_divzero  m_ws.l(dunder.o)
    0x08006f94   0x00000006   Code   RO          614    i.__mathlib_dbl_infnan  m_ws.l(dunder.o)
    0x08006f9a   0x00000004   Code   RO          615    i.__mathlib_dbl_infnan2  m_ws.l(dunder.o)
    0x08006f9e   0x0000000c   Code   RO          616    i.__mathlib_dbl_invalid  m_ws.l(dunder.o)
    0x08006faa   0x0000000e   Code   RO          617    i.__mathlib_dbl_overflow  m_ws.l(dunder.o)
    0x08006fb8   0x00000010   Code   RO          619    i.__mathlib_dbl_underflow  m_ws.l(dunder.o)
    0x08006fc8   0x00000270   Code   RO          535    i.asin              m_ws.l(asin.o)
    0x08007238   0x00000220   Code   RO          604    i.atan              m_ws.l(atan.o)
    0x08007458   0x00000180   Code   RO          545    i.atan2             m_ws.l(atan2.o)
    0x080075d8   0x000009d8   Code   RO          553    i.pow               m_ws.l(pow.o)
    0x08007fb0   0x0000004c   Code   RO          563    i.sqrt              m_ws.l(sqrt.o)
    0x08007ffc   0x00000062   Code   RO          476    x$fpl$d2f           fz_ws.l(d2f.o)
    0x0800805e   0x00000002   PAD
    0x08008060   0x00000150   Code   RO          478    x$fpl$dadd          fz_ws.l(daddsub_clz.o)
    0x080081b0   0x00000010   Code   RO          662    x$fpl$dcheck1       fz_ws.l(dcheck1.o)
    0x080081c0   0x00000018   Code   RO          664    x$fpl$dcmpinf       fz_ws.l(dcmpi.o)
    0x080081d8   0x000002b0   Code   RO          485    x$fpl$ddiv          fz_ws.l(ddiv.o)
    0x08008488   0x0000005e   Code   RO          488    x$fpl$dfix          fz_ws.l(dfix.o)
    0x080084e6   0x0000002e   Code   RO          493    x$fpl$dflt          fz_ws.l(dflt_clz.o)
    0x08008514   0x00000026   Code   RO          492    x$fpl$dfltu         fz_ws.l(dflt_clz.o)
    0x0800853a   0x00000002   PAD
    0x0800853c   0x00000078   Code   RO          584    x$fpl$dleqf         fz_ws.l(dleqf.o)
    0x080085b4   0x00000154   Code   RO          498    x$fpl$dmul          fz_ws.l(dmul.o)
    0x08008708   0x0000009c   Code   RO          586    x$fpl$dnaninf       fz_ws.l(dnaninf.o)
    0x080087a4   0x0000000c   Code   RO          588    x$fpl$dretinf       fz_ws.l(dretinf.o)
    0x080087b0   0x0000006c   Code   RO          590    x$fpl$drleqf        fz_ws.l(drleqf.o)
    0x0800881c   0x00000016   Code   RO          479    x$fpl$drsb          fz_ws.l(daddsub_clz.o)
    0x08008832   0x00000002   PAD
    0x08008834   0x000001cc   Code   RO          592    x$fpl$dsqrt         fz_ws.l(dsqrt_noumaal.o)
    0x08008a00   0x000001d4   Code   RO          480    x$fpl$dsub          fz_ws.l(daddsub_clz.o)
    0x08008bd4   0x00000056   Code   RO          500    x$fpl$f2d           fz_ws.l(f2d.o)
    0x08008c2a   0x00000002   PAD
    0x08008c2c   0x000000c4   Code   RO          502    x$fpl$fadd          fz_ws.l(faddsub_clz.o)
    0x08008cf0   0x00000018   Code   RO          594    x$fpl$fcmpinf       fz_ws.l(fcmpi.o)
    0x08008d08   0x00000184   Code   RO          509    x$fpl$fdiv          fz_ws.l(fdiv.o)
    0x08008e8c   0x00000068   Code   RO          512    x$fpl$feqf          fz_ws.l(feqf.o)
    0x08008ef4   0x00000036   Code   RO          514    x$fpl$ffix          fz_ws.l(ffix.o)
    0x08008f2a   0x00000002   PAD
    0x08008f2c   0x0000003e   Code   RO          518    x$fpl$ffixu         fz_ws.l(ffixu.o)
    0x08008f6a   0x00000002   PAD
    0x08008f6c   0x00000030   Code   RO          523    x$fpl$fflt          fz_ws.l(fflt_clz.o)
    0x08008f9c   0x00000026   Code   RO          522    x$fpl$ffltu         fz_ws.l(fflt_clz.o)
    0x08008fc2   0x00000002   PAD
    0x08008fc4   0x00000068   Code   RO          528    x$fpl$fleqf         fz_ws.l(fleqf.o)
    0x0800902c   0x00000102   Code   RO          530    x$fpl$fmul          fz_ws.l(fmul.o)
    0x0800912e   0x0000008c   Code   RO          596    x$fpl$fnaninf       fz_ws.l(fnaninf.o)
    0x080091ba   0x0000000a   Code   RO          598    x$fpl$fretinf       fz_ws.l(fretinf.o)
    0x080091c4   0x00000062   Code   RO          532    x$fpl$frleqf        fz_ws.l(frleqf.o)
    0x08009226   0x00000014   Code   RO          503    x$fpl$frsb          fz_ws.l(faddsub_clz.o)
    0x0800923a   0x00000002   PAD
    0x0800923c   0x000000ea   Code   RO          504    x$fpl$fsub          fz_ws.l(faddsub_clz.o)
    0x08009326   0x00000064   Code   RO          683    x$fpl$retnan        fz_ws.l(retnan.o)
    0x0800938a   0x0000005c   Code   RO          600    x$fpl$scalbn        fz_ws.l(scalbn.o)
    0x080093e6   0x00000030   Code   RO          736    x$fpl$trapveneer    fz_ws.l(trapv.o)
    0x08009416   0x00000000   Code   RO          602    x$fpl$usenofp       fz_ws.l(usenofp.o)
    0x08009416   0x00000a64   Data   RO          204    .constdata          oled.o
    0x08009e7a   0x00000002   PAD
    0x08009e7c   0x00000050   Data   RO          319    .constdata          inv_mpu.o
    0x08009ecc   0x00000bf6   Data   RO          344    .constdata          inv_mpu_dmp_motion_driver.o
    0x0800aac2   0x00000006   PAD
    0x0800aac8   0x00000050   Data   RO          536    .constdata          m_ws.l(asin.o)
    0x0800ab18   0x00000088   Data   RO          554    .constdata          m_ws.l(pow.o)
    0x0800aba0   0x00000098   Data   RO          605    .constdata          m_ws.l(atan.o)
    0x0800ac38   0x00000008   Data   RO          631    .constdata          m_ws.l(qnan.o)
    0x0800ac40   0x0000004e   Data   RO          320    .conststring        inv_mpu.o
    0x0800ac8e   0x00000002   PAD
    0x0800ac90   0x00000020   Data   RO          811    Region$$Table       anon$$obj.o


    Execution Region RW_IRAM1 (Base: 0x20000000, Size: 0x00000cf8, Max: 0x0000c000, ABSOLUTE, COMPRESSED[0x0000004c])

    Base Addr    Size         Type   Attr      Idx    E Section Name        Object

    0x20000000   0x000000ac   Data   RW           11    .data               minibalance.o
    0x200000ac   0x00000004   Data   RW          117    .data               delay.o
    0x200000b0   0x00000011   Data   RW          152    .data               usart.o
    0x200000c1   0x00000003   PAD
    0x200000c4   0x00000004   Data   RW          177    .data               led.o
    0x200000c8   0x0000000e   Data   RW          190    .data               key.o
    0x200000d6   0x00000002   PAD
    0x200000d8   0x00000054   Data   RW          297    .data               control.o
    0x2000012c   0x0000002c   Data   RW          321    .data               inv_mpu.o
    0x20000158   0x00000030   Data   RW          375    .data               mpu6050.o
    0x20000188   0x00000009   Data   RW          398    .data               show.o
    0x20000191   0x00000003   PAD
    0x20000194   0x00000032   Zero   RW          151    .bss                usart.o
    0x200001c6   0x00000400   Zero   RW          203    .bss                oled.o
    0x200005c6   0x00000002   PAD
    0x200005c8   0x00000010   Zero   RW          343    .bss                inv_mpu_dmp_motion_driver.o
    0x200005d8   0x00000092   Zero   RW          374    .bss                mpu6050.o
    0x2000066a   0x0000002a   Zero   RW          413    .bss                datascope_dp.o
    0x20000694   0x00000060   Zero   RW          667    .bss                c_w.l(libspace.o)
    0x200006f4   0x00000004   PAD
    0x200006f8   0x00000200   Zero   RW            2    HEAP                startup_stm32f10x_hd.o
    0x200008f8   0x00000400   Zero   RW            1    STACK               startup_stm32f10x_hd.o


==============================================================================

Image component sizes


      Code (inc. data)   RO Data    RW Data    ZI Data      Debug   Object Name

       476         36          0          0          0        996   adc.o
      2944        446          0         84          0       5640   control.o
       340         30          0          0         42       1970   datascope_dp.o
       176          8          0          4          0       1015   delay.o
      1076         38          0          0          0       1915   encoder.o
        84          8          0          0          0        448   exti.o
      7824        172        158         44          0      21547   inv_mpu.o
      3440        126       3062          0         16      15059   inv_mpu_dmp_motion_driver.o
      1290         16          0          0          0       5750   ioi2c.o
       412         54          0         14          0       1351   key.o
       116         20          0          4          0        629   led.o
       160         12          0        172          0     210167   minibalance.o
       412         22          0          0          0       1054   motor.o
      2332        472          0         48        146      20755   mpu6050.o
      1134         42       2660          0       1024       4499   oled.o
      1768        278          0          9          0       1626   show.o
        56         22        304          0       1536        800   startup_stm32f10x_hd.o
       712         44          0          0          0       2803   sys.o
      1524        140          0         17         50       4618   usart.o
       300         22          0          0          0       1067   usartx.o

    ----------------------------------------------------------------------
     26580       2008       6226        404       2816     303709   Object Totals
         0          0         32          0          0          0   (incl. Generated)
         4          0         10          8          2          0   (incl. Padding)

    ----------------------------------------------------------------------

      Code (inc. data)   RO Data    RW Data    ZI Data      Debug   Library Member Name

        90          0          0          0          0          0   __dczerorl2.o
         8          0          0          0          0         68   __main.o
       104          0          0          0          0         84   __printf.o
         0          0          0          0          0          0   __rtentry.o
        12          0          0          0          0          0   __rtentry2.o
         6          0          0          0          0          0   __rtentry4.o
        52          8          0          0          0          0   __scatter.o
        28          0          0          0          0          0   __scatter_zi.o
        48          6          0          0          0         96   _printf_char_common.o
        36          4          0          0          0         80   _printf_char_file.o
         6          0          0          0          0          0   _printf_d.o
       120         16          0          0          0         92   _printf_dec.o
       178          0          0          0          0         88   _printf_intcommon.o
         0          0          0          0          0          0   _printf_percent.o
         4          0          0          0          0          0   _printf_percent_end.o
        22          0          0          0          0        100   _rserrno.o
        16          0          0          0          0         68   aeabi_memset.o
        18          0          0          0          0         80   exit.o
         8          0          0          0          0         68   ferror.o
         6          0          0          0          0        152   heapauxi.o
         2          0          0          0          0          0   libinit.o
         2          0          0          0          0          0   libinit2.o
         2          0          0          0          0          0   libshutdown.o
         2          0          0          0          0          0   libshutdown2.o
         8          4          0          0         96         68   libspace.o
        72          0          0          0          0         76   llsdiv.o
       238          0          0          0          0        100   lludivv7m.o
        88          0          0          0          0         76   memcmp.o
        24          4          0          0          0         84   noretval__2printf.o
         8          4          0          0          0         68   rt_errno_addr_intlibspace.o
        68          0          0          0          0         68   rt_memclr.o
        78          0          0          0          0         80   rt_memclr_w.o
         2          0          0          0          0          0   rtexit.o
        10          0          0          0          0          0   rtexit2.o
        74          0          0          0          0         80   sys_stackheap_outer.o
         2          0          0          0          0         68   use_no_semi.o
         2          0          0          0          0         68   use_no_semi_2.o
        98          4          0          0          0         92   d2f.o
       826         16          0          0          0        348   daddsub_clz.o
        16          4          0          0          0         68   dcheck1.o
        24          0          0          0          0         68   dcmpi.o
       688        140          0          0          0        208   ddiv.o
        94          4          0          0          0         92   dfix.o
        84          0          0          0          0        136   dflt_clz.o
       120          4          0          0          0         92   dleqf.o
       340         12          0          0          0        104   dmul.o
       156          4          0          0          0         92   dnaninf.o
        12          0          0          0          0         68   dretinf.o
       108          0          0          0          0         80   drleqf.o
       460         56          0          0          0        120   dsqrt_noumaal.o
        86          4          0          0          0         84   f2d.o
       450          8          0          0          0        236   faddsub_clz.o
        24          0          0          0          0         68   fcmpi.o
       388         76          0          0          0         96   fdiv.o
       104          4          0          0          0         84   feqf.o
        54          4          0          0          0         84   ffix.o
        62          4          0          0          0         84   ffixu.o
        86          0          0          0          0        136   fflt_clz.o
       104          4          0          0          0         84   fleqf.o
       258          4          0          0          0         84   fmul.o
       140          4          0          0          0         84   fnaninf.o
        10          0          0          0          0         68   fretinf.o
        98          0          0          0          0         68   frleqf.o
       100          0          0          0          0         68   retnan.o
        92          0          0          0          0         68   scalbn.o
        48          0          0          0          0         68   trapv.o
         0          0          0          0          0          0   usenofp.o
       624         52         80          0          0        168   asin.o
       544         70        152          0          0        124   atan.o
       384         38          0          0          0        144   atan2.o
        68         10          0          0          0        408   dunder.o
        40          0          0          0          0         68   fpclassify.o
       170          0          0          0          0         96   poly.o
      2520        190        136          0          0        324   pow.o
         0          0          8          0          0          0   qnan.o
        76          0          0          0          0         84   sqrt.o

    ----------------------------------------------------------------------
     11026        762        376          0        100       6260   Library Totals
        26          0          0          0          4          0   (incl. Padding)

    ----------------------------------------------------------------------

      Code (inc. data)   RO Data    RW Data    ZI Data      Debug   Library Name

      1444         46          0          0         96       1812   c_w.l
      5130        356          0          0          0       3032   fz_ws.l
      4426        360        376          0          0       1416   m_ws.l

    ----------------------------------------------------------------------
     11026        762        376          0        100       6260   Library Totals

    ----------------------------------------------------------------------

==============================================================================


      Code (inc. data)   RO Data    RW Data    ZI Data      Debug   

     37606       2770       6602        404       2916     304713   Grand Totals
     37606       2770       6602         76       2916     304713   ELF Image Totals (compressed)
     37606       2770       6602         76          0          0   ROM Totals

==============================================================================

    Total RO  Size (Code + RO Data)                44208 (  43.17kB)
    Total RW  Size (RW Data + ZI Data)              3320 (   3.24kB)
    Total ROM Size (Code + RO Data + RW Data)      44284 (  43.25kB)

==============================================================================

