<html>
<body>
<pre>
<h1>µVision Build Log</h1>
<h2>Tool Versions:</h2>
IDE-Version: ¦ÌVision V5.22.0.0
Copyright (C) 2016 ARM Ltd and ARM Germany GmbH. All rights reserved.
License Information: 1 PYT, 1, LIC=50DAR-KVTEY-5B3EB-2LCEB-ZHPEV-BN81U
 
Tool Versions:
Toolchain:       MDK-ARM Professional  Version: 5.22
Toolchain Path:  D:\ARM\ARMCC\Bin
C Compiler:      Armcc.exe V5.06 update 4 (build 422)
Assembler:       Armasm.exe V5.06 update 4 (build 422)
Linker/Locator:  ArmLink.exe V5.06 update 4 (build 422)
Library Manager: ArmAr.exe V5.06 update 4 (build 422)
Hex Converter:   FromElf.exe V5.06 update 4 (build 422)
CPU DLL:         SARMCM3.DLL V5.22
Dialog DLL:      DCM.DLL V1.13.9.0
Target DLL:      STLink\ST-LINKIII-KEIL_SWO.dll V2.0.18.0
Dialog DLL:      TCM.DLL V1.21.0.0
 
<h2>Project:</h2>
C:\Users\PYT\Desktop\FYP Pang Yatian\code\USER\Minibalance.uvprojx
Project File Date:  01/03/2020

<h2>Output:</h2>
*** Using Compiler 'V5.06 update 4 (build 422)', folder: 'D:\ARM\ARMCC\Bin'
Rebuild target 'Target 1'
assembling startup_stm32f10x_hd.s...
compiling Minibalance.c...
compiling delay.c...
compiling LED.C...
compiling usart.c...
compiling key.c...
compiling sys.c...
compiling oled.c...
compiling exti.c...
compiling adc.c...
compiling encoder.c...
compiling usartx.c...
compiling motor.c...
compiling IOI2C.c...
compiling control.c...
compiling DataScope_DP.C...
compiling filter.c...
compiling MPU6050.c...
compiling inv_mpu_dmp_motion_driver.c...
compiling show.c...
compiling inv_mpu.c...
linking...
Program Size: Code=37606 RO-data=6602 RW-data=404 ZI-data=2916  
FromELF: creating hex file...
"..\OBJ\Minibalance.axf" - 0 Error(s), 0 Warning(s).

<h2>Software Packages used:</h2>

Package Vendor: ARM
                http://www.keil.com/pack/ARM.CMSIS.5.0.0.pack
                ARM::CMSIS:CORE:5.0.0
                CMSIS (Cortex Microcontroller Software Interface Standard)
   * Component: CORE Version: 5.0.0

<h2>Collection of Component include folders:</h2>
  C:\Users\PYT\Desktop\FYP Pang Yatian\code\USER\RTE\_Target_1
  D:\ARM\PACK\ARM\CMSIS\5.0.0\CMSIS\Include
  D:\ARM\PACK\Keil\STM32F1xx_DFP\2.1.0\Device\Include

<h2>Collection of Component Files used:</h2>

   * Component: ARM::CMSIS:CORE:5.0.0
Build Time Elapsed:  00:00:09
</pre>
</body>
</html>
